Archive member included to satisfy reference by file (symbol)

c:/program files (x86)/atmel/studio/7.0/toolchain/arm/arm-gnu-toolchain/bin/../lib/gcc/arm-none-eabi/6.3.1/thumb/v7e-m\libgcc.a(_aeabi_uldivmod.o)
                              src/main.o (__aeabi_uldivmod)
c:/program files (x86)/atmel/studio/7.0/toolchain/arm/arm-gnu-toolchain/bin/../lib/gcc/arm-none-eabi/6.3.1/thumb/v7e-m\libgcc.a(_udivmoddi4.o)
                              c:/program files (x86)/atmel/studio/7.0/toolchain/arm/arm-gnu-toolchain/bin/../lib/gcc/arm-none-eabi/6.3.1/thumb/v7e-m\libgcc.a(_aeabi_uldivmod.o) (__udivmoddi4)
c:/program files (x86)/atmel/studio/7.0/toolchain/arm/arm-gnu-toolchain/bin/../lib/gcc/arm-none-eabi/6.3.1/thumb/v7e-m\libgcc.a(_dvmd_tls.o)
                              c:/program files (x86)/atmel/studio/7.0/toolchain/arm/arm-gnu-toolchain/bin/../lib/gcc/arm-none-eabi/6.3.1/thumb/v7e-m\libgcc.a(_aeabi_uldivmod.o) (__aeabi_ldiv0)
c:/program files (x86)/atmel/studio/7.0/toolchain/arm/arm-gnu-toolchain/bin/../lib/gcc/arm-none-eabi/6.3.1/../../../../arm-none-eabi/lib/thumb/v7e-m\libc.a(lib_a-exit.o)
                              c:/program files (x86)/atmel/studio/7.0/toolchain/arm/arm-gnu-toolchain/bin/../lib/gcc/arm-none-eabi/6.3.1/../../../../arm-none-eabi/lib/thumb/v7e-m/crt0.o (exit)
c:/program files (x86)/atmel/studio/7.0/toolchain/arm/arm-gnu-toolchain/bin/../lib/gcc/arm-none-eabi/6.3.1/../../../../arm-none-eabi/lib/thumb/v7e-m\libc.a(lib_a-impure.o)
                              c:/program files (x86)/atmel/studio/7.0/toolchain/arm/arm-gnu-toolchain/bin/../lib/gcc/arm-none-eabi/6.3.1/../../../../arm-none-eabi/lib/thumb/v7e-m\libc.a(lib_a-exit.o) (_global_impure_ptr)
c:/program files (x86)/atmel/studio/7.0/toolchain/arm/arm-gnu-toolchain/bin/../lib/gcc/arm-none-eabi/6.3.1/../../../../arm-none-eabi/lib/thumb/v7e-m\libc.a(lib_a-init.o)
                              c:/program files (x86)/atmel/studio/7.0/toolchain/arm/arm-gnu-toolchain/bin/../lib/gcc/arm-none-eabi/6.3.1/../../../../arm-none-eabi/lib/thumb/v7e-m/crt0.o (__libc_init_array)
c:/program files (x86)/atmel/studio/7.0/toolchain/arm/arm-gnu-toolchain/bin/../lib/gcc/arm-none-eabi/6.3.1/../../../../arm-none-eabi/lib/thumb/v7e-m\libc.a(lib_a-memcpy.o)
                              src/ASF/common/services/usb/class/cdc/device/udi_cdc.o (memcpy)
c:/program files (x86)/atmel/studio/7.0/toolchain/arm/arm-gnu-toolchain/bin/../lib/gcc/arm-none-eabi/6.3.1/../../../../arm-none-eabi/lib/thumb/v7e-m\libc.a(lib_a-memset.o)
                              c:/program files (x86)/atmel/studio/7.0/toolchain/arm/arm-gnu-toolchain/bin/../lib/gcc/arm-none-eabi/6.3.1/../../../../arm-none-eabi/lib/thumb/v7e-m/crt0.o (memset)
c:/program files (x86)/atmel/studio/7.0/toolchain/arm/arm-gnu-toolchain/bin/../lib/gcc/arm-none-eabi/6.3.1/../../../../arm-none-eabi/lib/thumb/v7e-m\libc.a(lib_a-snprintf.o)
                              src/main.o (snprintf)
c:/program files (x86)/atmel/studio/7.0/toolchain/arm/arm-gnu-toolchain/bin/../lib/gcc/arm-none-eabi/6.3.1/../../../../arm-none-eabi/lib/thumb/v7e-m\libc.a(lib_a-svfprintf.o)
                              c:/program files (x86)/atmel/studio/7.0/toolchain/arm/arm-gnu-toolchain/bin/../lib/gcc/arm-none-eabi/6.3.1/../../../../arm-none-eabi/lib/thumb/v7e-m\libc.a(lib_a-snprintf.o) (_svfprintf_r)
c:/program files (x86)/atmel/studio/7.0/toolchain/arm/arm-gnu-toolchain/bin/../lib/gcc/arm-none-eabi/6.3.1/../../../../arm-none-eabi/lib/thumb/v7e-m\libc.a(lib_a-vsnprintf.o)
                              src/main.o (vsnprintf)
c:/program files (x86)/atmel/studio/7.0/toolchain/arm/arm-gnu-toolchain/bin/../lib/gcc/arm-none-eabi/6.3.1/../../../../arm-none-eabi/lib/thumb/v7e-m\libc.a(lib_a-__call_atexit.o)
                              c:/program files (x86)/atmel/studio/7.0/toolchain/arm/arm-gnu-toolchain/bin/../lib/gcc/arm-none-eabi/6.3.1/../../../../arm-none-eabi/lib/thumb/v7e-m\libc.a(lib_a-exit.o) (__call_exitprocs)
c:/program files (x86)/atmel/studio/7.0/toolchain/arm/arm-gnu-toolchain/bin/../lib/gcc/arm-none-eabi/6.3.1/../../../../arm-none-eabi/lib/thumb/v7e-m\libc.a(lib_a-atexit.o)
                              c:/program files (x86)/atmel/studio/7.0/toolchain/arm/arm-gnu-toolchain/bin/../lib/gcc/arm-none-eabi/6.3.1/../../../../arm-none-eabi/lib/thumb/v7e-m\libc.a(lib_a-__call_atexit.o) (atexit)
c:/program files (x86)/atmel/studio/7.0/toolchain/arm/arm-gnu-toolchain/bin/../lib/gcc/arm-none-eabi/6.3.1/../../../../arm-none-eabi/lib/thumb/v7e-m\libc.a(lib_a-dtoa.o)
                              c:/program files (x86)/atmel/studio/7.0/toolchain/arm/arm-gnu-toolchain/bin/../lib/gcc/arm-none-eabi/6.3.1/../../../../arm-none-eabi/lib/thumb/v7e-m\libc.a(lib_a-svfprintf.o) (_dtoa_r)
c:/program files (x86)/atmel/studio/7.0/toolchain/arm/arm-gnu-toolchain/bin/../lib/gcc/arm-none-eabi/6.3.1/../../../../arm-none-eabi/lib/thumb/v7e-m\libc.a(lib_a-fini.o)
[...]
Memory Configuration

Name             Origin             Length             Attributes
rom              0x00400000         0x00100000         xr
ram              0x20000000         0x00020000         xrw
*default*        0x00000000         0xffffffff

Linker script and memory map

LOAD c:/program files (x86)/atmel/studio/7.0/toolchain/arm/arm-gnu-toolchain/bin/../lib/gcc/arm-none-eabi/6.3.1/thumb/v7e-m/crti.o
LOAD c:/program files (x86)/atmel/studio/7.0/toolchain/arm/arm-gnu-toolchain/bin/../lib/gcc/arm-none-eabi/6.3.1/thumb/v7e-m/crtbegin.o
LOAD c:/program files (x86)/atmel/studio/7.0/toolchain/arm/arm-gnu-toolchain/bin/../lib/gcc/arm-none-eabi/6.3.1/../../../../arm-none-eabi/lib/thumb/v7e-m/crt0.o
LOAD src/ASF/common/services/delay/sam/cycle_counter.o
LOAD src/ASF/common/services/clock/sam4e/sysclk.o
LOAD src/ASF/common/services/sleepmgr/sam/sleepmgr.o
LOAD src/ASF/common/services/usb/class/cdc/device/udi_cdc.o
LOAD src/ASF/common/services/usb/class/cdc/device/udi_cdc_desc.o
LOAD src/ASF/common/services/usb/udc/udc.o
LOAD src/ASF/common/utils/interrupt/interrupt_sam_nvic.o
LOAD src/ASF/sam/boards/sam4e_ek/init.o
LOAD src/ASF/sam/drivers/acc/acc.o
LOAD src/ASF/sam/drivers/afec/afec.o
LOAD src/ASF/sam/drivers/dacc/dacc.o
LOAD src/ASF/sam/drivers/efc/efc.o
LOAD src/ASF/sam/drivers/matrix/matrix.o
LOAD src/ASF/sam/drivers/pio/pio.o
LOAD src/ASF/sam/drivers/pio/pio_handler.o
LOAD src/ASF/sam/drivers/pmc/pmc.o
LOAD src/ASF/sam/drivers/pmc/sleep.o
LOAD src/ASF/sam/drivers/pwm/pwm.o
LOAD src/ASF/sam/drivers/rstc/rstc.o
LOAD src/ASF/sam/drivers/rtt/rtt.o
LOAD src/ASF/sam/drivers/spi/spi.o
LOAD src/ASF/sam/drivers/tc/tc.o
LOAD src/ASF/sam/drivers/twi/twi.o
LOAD src/ASF/sam/drivers/udp/udp_device.o
LOAD src/ASF/sam/drivers/usart/usart.o
LOAD src/ASF/sam/services/flash_efc/flash_efc.o
LOAD src/ASF/sam/utils/cmsis/sam4e/source/templates/exceptions.o
LOAD src/ASF/sam/utils/cmsis/sam4e/source/templates/gcc/startup_sam4e.o
LOAD src/ASF/sam/utils/cmsis/sam4e/source/templates/system_sam4e.o
LOAD src/ASF/sam/utils/syscalls/gcc/syscalls.o
LOAD src/main.o
START GROUP
LOAD ../src/ASF/thirdparty/CMSIS/Lib/GCC\libarm_cortexM4lf_math_softfp.a
LOAD c:/program files (x86)/atmel/studio/7.0/toolchain/arm/arm-gnu-toolchain/bin/../lib/gcc/arm-none-eabi/6.3.1/../../../../arm-none-eabi/lib/thumb/v7e-m\libm.a
END GROUP
START GROUP
LOAD c:/program files (x86)/atmel/studio/7.0/toolchain/arm/arm-gnu-toolchain/bin/../lib/gcc/arm-none-eabi/6.3.1/thumb/v7e-m\libgcc.a
LOAD c:/program files (x86)/atmel/studio/7.0/toolchain/arm/arm-gnu-toolchain/bin/../lib/gcc/arm-none-eabi/6.3.1/../../../../arm-none-eabi/lib/thumb/v7e-m\libc.a
END GROUP
LOAD c:/program files (x86)/atmel/studio/7.0/toolchain/arm/arm-gnu-toolchain/bin/../lib/gcc/arm-none-eabi/6.3.1/thumb/v7e-m/crtend.o
LOAD c:/program files (x86)/atmel/studio/7.0/toolchain/arm/arm-gnu-toolchain/bin/../lib/gcc/arm-none-eabi/6.3.1/thumb/v7e-m/crtn.o
                0x00003000                __stack_size__ = DEFINED (__stack_size__)?__stack_size__:0x3000
                0x2001fffc                __ram_end__ = ((ORIGIN (ram) + LENGTH (ram)) - 0x4)

.text           0x00400000     0xa608
                0x00400000                . = ALIGN (0x4)
                0x00400000                _sfixed = .
 *(.vectors .vectors.*)
 .vectors       0x00400000       0xf8 src/ASF/sam/utils/cmsis/sam4e/source/templates/gcc/startup_sam4e.o
                0x00400000                exception_table
 *(.text .text.* .gnu.linkonce.t.*)
 .text          0x004000f8       0x6c c:/program files (x86)/atmel/studio/7.0/toolchain/arm/arm-gnu-toolchain/bin/../lib/gcc/arm-none-eabi/6.3.1/thumb/v7e-m/crtbegin.o
 .text.sysclk_enable_usb
                0x00400164       0x50 src/ASF/common/services/clock/sam4e/sysclk.o
                0x00400164                sysclk_enable_usb
 .text.sysclk_init
                0x004001b4       0x68 src/ASF/common/services/clock/sam4e/sysclk.o
                0x004001b4                sysclk_init
 .text.udi_cdc_comm_enable
                0x0040021c       0x4c src/ASF/common/services/usb/class/cdc/device/udi_cdc.o
                0x0040021c                udi_cdc_comm_enable
 .text.udi_cdc_comm_disable
                0x00400268       0x10 src/ASF/common/services/usb/class/cdc/device/udi_cdc.o
                0x00400268                udi_cdc_comm_disable
 .text.udi_cdc_data_disable
                0x00400278       0x1c src/ASF/common/services/usb/class/cdc/device/udi_cdc.o
                0x00400278                udi_cdc_data_disable
 .text.udi_cdc_data_setup
                0x00400294        0x4 src/ASF/common/services/usb/class/cdc/device/udi_cdc.o
                0x00400294                udi_cdc_data_setup
 .text.udi_cdc_getsetting
                0x00400298        0x4 src/ASF/common/services/usb/class/cdc/device/udi_cdc.o
                0x00400298                udi_cdc_getsetting
 .text.udi_cdc_comm_setup
                0x0040029c       0x84 src/ASF/common/services/usb/class/cdc/device/udi_cdc.o
                0x0040029c                udi_cdc_comm_setup
 .text.udi_cdc_line_coding_received
                0x00400320        0x2 src/ASF/common/services/usb/class/cdc/device/udi_cdc.o
 *fill*         0x00400322        0x2 
 .text.udi_cdc_tx_send
                0x00400324      0x148 src/ASF/common/services/usb/class/cdc/device/udi_cdc.o
 .text.udi_cdc_data_sent
                0x0040046c       0x38 src/ASF/common/services/usb/class/cdc/device/udi_cdc.o
 .text.udi_cdc_data_sof_notify
                0x004004a4       0x10 src/ASF/common/services/usb/class/cdc/device/udi_cdc.o
                0x004004a4                udi_cdc_data_sof_notify
 .text.udi_cdc_multi_get_nb_received_data
                0x004004b4       0x54 src/ASF/common/services/usb/class/cdc/device/udi_cdc.o
                0x004004b4                udi_cdc_multi_get_nb_received_data
 .text.udi_cdc_multi_is_rx_ready
                0x00400508       0x14 src/ASF/common/services/usb/class/cdc/device/udi_cdc.o
                0x00400508                udi_cdc_multi_is_rx_ready
 .text.udi_cdc_rx_start
                0x0040051c       0xb8 src/ASF/common/services/usb/class/cdc/device/udi_cdc.o
 .text.udi_cdc_data_enable
                0x004005d4       0x94 src/ASF/common/services/usb/class/cdc/device/udi_cdc.o
                0x004005d4                udi_cdc_data_enable
 .text.udi_cdc_data_received
                0x00400668       0x5c src/ASF/common/services/usb/class/cdc/device/udi_cdc.o
 .text.udi_cdc_is_rx_ready
                0x004006c4       0x10 src/ASF/common/services/usb/class/cdc/device/udi_cdc.o
                0x004006c4                udi_cdc_is_rx_ready
 .text.udi_cdc_multi_getc
                0x004006d4       0xbc src/ASF/common/services/usb/class/cdc/device/udi_cdc.o
                0x004006d4                udi_cdc_multi_getc
 .text.udi_cdc_getc
                0x00400790       0x10 src/ASF/common/services/usb/class/cdc/device/udi_cdc.o
                0x00400790                udi_cdc_getc
 .text.udi_cdc_multi_get_free_tx_buffer
                0x004007a0       0x7c src/ASF/common/services/usb/class/cdc/device/udi_cdc.o
                0x004007a0                udi_cdc_multi_get_free_tx_buffer
 .text.udi_cdc_multi_is_tx_ready
                0x0040081c       0x14 src/ASF/common/services/usb/class/cdc/device/udi_cdc.o
                0x0040081c                udi_cdc_multi_is_tx_ready
 .text.udi_cdc_multi_putc
                0x00400830       0x9c src/ASF/common/services/usb/class/cdc/device/udi_cdc.o
                0x00400830                udi_cdc_multi_putc
 .text.udi_cdc_putc
                0x004008cc       0x10 src/ASF/common/services/usb/class/cdc/device/udi_cdc.o
                0x004008cc                udi_cdc_putc
 .text.udc_next_desc_in_iface
                0x004008dc       0x48 src/ASF/common/services/usb/udc/udc.o
 .text.udc_valid_address
                0x00400924       0x18 src/ASF/common/services/usb/udc/udc.o
 .text.udc_update_iface_desc
                0x0040093c       0x74 src/ASF/common/services/usb/udc/udc.o
 .text.udc_iface_disable
                0x004009b0       0x6c src/ASF/common/services/usb/udc/udc.o
 .text.udc_iface_enable
                0x00400a1c       0x5c src/ASF/common/services/usb/udc/udc.o
 .text.udc_start
                0x00400a78        0xc src/ASF/common/services/usb/udc/udc.o
                0x00400a78                udc_start
 .text.udc_reset
                0x00400a84       0x48 src/ASF/common/services/usb/udc/udc.o
                0x00400a84                udc_reset
 .text.udc_sof_notify
                0x00400acc       0x40 src/ASF/common/services/usb/udc/udc.o
                0x00400acc                udc_sof_notify
 .text.udc_process_setup
                0x00400b0c      0x410 src/ASF/common/services/usb/udc/udc.o
                0x00400b0c                udc_process_setup
 .text.board_init
                0x00400f1c      0x12c src/ASF/sam/boards/sam4e_ek/init.o
                0x00400f1c                board_init
 .text.afec_interrupt
                0x00401048       0x1c src/ASF/sam/drivers/afec/afec.o
 .text.afec_process_callback
                0x00401064       0x94 src/ASF/sam/drivers/afec/afec.o
 .text.afec_ch_set_config
                0x004010f8       0x30 src/ASF/sam/drivers/afec/afec.o
                0x004010f8                afec_ch_set_config
 .text.afec_get_config_defaults
                0x00401128       0x30 src/ASF/sam/drivers/afec/afec.o
                0x00401128                afec_get_config_defaults
 .text.afec_ch_get_config_defaults
                0x00401158        0xa src/ASF/sam/drivers/afec/afec.o
                0x00401158                afec_ch_get_config_defaults
 *fill*         0x00401162        0x2 
 .text.afec_init
                0x00401164       0xd4 src/ASF/sam/drivers/afec/afec.o
                0x00401164                afec_init
 .text.afec_enable_interrupt
                0x00401238       0x38 src/ASF/sam/drivers/afec/afec.o
                0x00401238                afec_enable_interrupt
 .text.afec_set_callback
                0x00401270       0x58 src/ASF/sam/drivers/afec/afec.o
                0x00401270                afec_set_callback
 .text.afec_disable_interrupt
                0x004012c8       0x38 src/ASF/sam/drivers/afec/afec.o
                0x004012c8                afec_disable_interrupt
 .text.AFEC0_Handler
                0x00401300       0x14 src/ASF/sam/drivers/afec/afec.o
                0x00401300                AFEC0_Handler
 .text.AFEC1_Handler
                0x00401314       0x14 src/ASF/sam/drivers/afec/afec.o
                0x00401314                AFEC1_Handler
 .text.afec_enable
                0x00401328       0x64 src/ASF/sam/drivers/afec/afec.o
                0x00401328                afec_enable
 .text.efc_init
                0x0040138c       0x1c src/ASF/sam/drivers/efc/efc.o
                0x0040138c                efc_init
 .text.efc_perform_command
                0x004013a8       0x5c src/ASF/sam/drivers/efc/efc.o
                0x004013a8                efc_perform_command
 .text.pio_get_interrupt_status
                0x00401404        0x4 src/ASF/sam/drivers/pio/pio.o
                0x00401404                pio_get_interrupt_status
 .text.pio_get_interrupt_mask
                0x00401408        0x4 src/ASF/sam/drivers/pio/pio.o
                0x00401408                pio_get_interrupt_mask
 .text.pio_handler_process
                0x0040140c       0x68 src/ASF/sam/drivers/pio/pio_handler.o
                0x0040140c                pio_handler_process
 .text.PIOA_Handler
                0x00401474       0x14 src/ASF/sam/drivers/pio/pio_handler.o
                0x00401474                PIOA_Handler
 .text.PIOB_Handler
                0x00401488       0x14 src/ASF/sam/drivers/pio/pio_handler.o
                0x00401488                PIOB_Handler
 .text.PIOC_Handler
                0x0040149c       0x14 src/ASF/sam/drivers/pio/pio_handler.o
                0x0040149c                PIOC_Handler
 .text.PIOD_Handler
                0x004014b0       0x14 src/ASF/sam/drivers/pio/pio_handler.o
                0x004014b0                PIOD_Handler
 .text.PIOE_Handler
                0x004014c4       0x14 src/ASF/sam/drivers/pio/pio_handler.o
                0x004014c4                PIOE_Handler
 .text.pmc_switch_mck_to_pllack
                0x004014d8       0x64 src/ASF/sam/drivers/pmc/pmc.o
                0x004014d8                pmc_switch_mck_to_pllack
 .text.pmc_switch_mainck_to_fastrc
                0x0040153c       0x4c src/ASF/sam/drivers/pmc/pmc.o
                0x0040153c                pmc_switch_mainck_to_fastrc
 .text.pmc_osc_is_ready_mainck
                0x00401588       0x10 src/ASF/sam/drivers/pmc/pmc.o
                0x00401588                pmc_osc_is_ready_mainck
 .text.pmc_disable_pllack
                0x00401598       0x10 src/ASF/sam/drivers/pmc/pmc.o
                0x00401598                pmc_disable_pllack
 .text.pmc_is_locked_pllack
                0x004015a8       0x10 src/ASF/sam/drivers/pmc/pmc.o
                0x004015a8                pmc_is_locked_pllack
 .text.pmc_enable_periph_clk
                0x004015b8       0x54 src/ASF/sam/drivers/pmc/pmc.o
                0x004015b8                pmc_enable_periph_clk
 .text.pmc_disable_periph_clk
                0x0040160c       0x54 src/ASF/sam/drivers/pmc/pmc.o
                0x0040160c                pmc_disable_periph_clk
 .text.pmc_switch_udpck_to_pllack
                0x00401660       0x10 src/ASF/sam/drivers/pmc/pmc.o
                0x00401660                pmc_switch_udpck_to_pllack
 .text.pmc_enable_udpck
                0x00401670        0xc src/ASF/sam/drivers/pmc/pmc.o
                0x00401670                pmc_enable_udpck
 .text.pmc_set_fast_startup_input
                0x0040167c       0x14 src/ASF/sam/drivers/pmc/pmc.o
                0x0040167c                pmc_set_fast_startup_input
 .text.pmc_is_wakeup_clocks_restored
                0x00401690       0x10 src/ASF/sam/drivers/pmc/sleep.o
                0x00401690                pmc_is_wakeup_clocks_restored
 .text.pwm_clocks_generate
                0x004016a0       0x54 src/ASF/sam/drivers/pwm/pwm.o
 .text.pwm_init
                0x004016f4       0x44 src/ASF/sam/drivers/pwm/pwm.o
                0x004016f4                pwm_init
 .text.pwm_channel_init
                0x00401738      0x14a src/ASF/sam/drivers/pwm/pwm.o
                0x00401738                pwm_channel_init
 .text.pwm_channel_enable
                0x00401882        0xa src/ASF/sam/drivers/pwm/pwm.o
                0x00401882                pwm_channel_enable
 .text.pwm_channel_disable
                0x0040188c        0xa src/ASF/sam/drivers/pwm/pwm.o
                0x0040188c                pwm_channel_disable
 .text.pwm_channel_get_interrupt_status
                0x00401896        0x4 src/ASF/sam/drivers/pwm/pwm.o
                0x00401896                pwm_channel_get_interrupt_status
 .text.pwm_channel_enable_interrupt
                0x0040189a       0x12 src/ASF/sam/drivers/pwm/pwm.o
                0x0040189a                pwm_channel_enable_interrupt
 .text.rstc_disable_user_reset
                0x004018ac       0x12 src/ASF/sam/drivers/rstc/rstc.o
                0x004018ac                rstc_disable_user_reset
 .text.rstc_enable_user_reset_interrupt
                0x004018be       0x12 src/ASF/sam/drivers/rstc/rstc.o
                0x004018be                rstc_enable_user_reset_interrupt
 .text.rstc_get_status
                0x004018d0        0x4 src/ASF/sam/drivers/rstc/rstc.o
                0x004018d0                rstc_get_status
 .text.rtt_init
                0x004018d4       0x14 src/ASF/sam/drivers/rtt/rtt.o
                0x004018d4                rtt_init
 .text.rtt_enable_interrupt
                0x004018e8       0x14 src/ASF/sam/drivers/rtt/rtt.o
                0x004018e8                rtt_enable_interrupt
 .text.rtt_disable_interrupt
                0x004018fc       0x14 src/ASF/sam/drivers/rtt/rtt.o
                0x004018fc                rtt_disable_interrupt
 .text.rtt_read_timer_value
                0x00401910       0x14 src/ASF/sam/drivers/rtt/rtt.o
                0x00401910                rtt_read_timer_value
 .text.rtt_get_status
                0x00401924        0x4 src/ASF/sam/drivers/rtt/rtt.o
                0x00401924                rtt_get_status
 .text.spi_enable_clock
                0x00401928       0x10 src/ASF/sam/drivers/spi/spi.o
                0x00401928                spi_enable_clock
 .text.spi_set_peripheral_chip_select_value
                0x00401938       0x16 src/ASF/sam/drivers/spi/spi.o
                0x00401938                spi_set_peripheral_chip_select_value
 .text.spi_write
                0x0040194e       0x34 src/ASF/sam/drivers/spi/spi.o
                0x0040194e                spi_write
 .text.spi_set_clock_polarity
                0x00401982       0x1e src/ASF/sam/drivers/spi/spi.o
                0x00401982                spi_set_clock_polarity
 .text.spi_set_clock_phase
                0x004019a0       0x1e src/ASF/sam/drivers/spi/spi.o
                0x004019a0                spi_set_clock_phase
 .text.spi_set_bits_per_transfer
                0x004019be       0x14 src/ASF/sam/drivers/spi/spi.o
                0x004019be                spi_set_bits_per_transfer
 .text.spi_set_baudrate_div
                0x004019d2       0x28 src/ASF/sam/drivers/spi/spi.o
                0x004019d2                spi_set_baudrate_div
 .text.spi_set_transfer_delay
                0x004019fa       0x1e src/ASF/sam/drivers/spi/spi.o
                0x004019fa                spi_set_transfer_delay
 .text.udd_sleep_mode
                0x00401a18       0xa4 src/ASF/sam/drivers/udp/udp_device.o
 .text.udd_ctrl_init
                0x00401abc       0x18 src/ASF/sam/drivers/udp/udp_device.o
 .text.udd_ctrl_stall_data
                0x00401ad4       0x38 src/ASF/sam/drivers/udp/udp_device.o
 .text.udd_ctrl_send_zlp_in
                0x00401b0c       0x38 src/ASF/sam/drivers/udp/udp_device.o
 .text.udd_ctrl_endofrequest
                0x00401b44       0x10 src/ASF/sam/drivers/udp/udp_device.o
 .text.udd_ctrl_in_sent
                0x00401b54      0x1b8 src/ASF/sam/drivers/udp/udp_device.o
 .text.udd_ep_finish_job
                0x00401d0c       0x40 src/ASF/sam/drivers/udp/udp_device.o
 .text.udd_ep_ack_out_received
                0x00401d4c       0xd4 src/ASF/sam/drivers/udp/udp_device.o
 .text.udd_ep_in_sent
                0x00401e20      0x1b4 src/ASF/sam/drivers/udp/udp_device.o
 .text.UDP_Handler
                0x00401fd4      0x908 src/ASF/sam/drivers/udp/udp_device.o
                0x00401fd4                UDP_Handler
 .text.udd_attach
                0x004028dc       0x7c src/ASF/sam/drivers/udp/udp_device.o
                0x004028dc                udd_attach
 .text.udd_enable
                0x00402958       0xdc src/ASF/sam/drivers/udp/udp_device.o
                0x00402958                udd_enable
 .text.udd_is_high_speed
                0x00402a34        0x4 src/ASF/sam/drivers/udp/udp_device.o
                0x00402a34                udd_is_high_speed
 .text.udd_set_address
                0x00402a38       0x3c src/ASF/sam/drivers/udp/udp_device.o
                0x00402a38                udd_set_address
 .text.udd_getaddress
                0x00402a74       0x1c src/ASF/sam/drivers/udp/udp_device.o
                0x00402a74                udd_getaddress
 .text.udd_get_frame_number
                0x00402a90       0x10 src/ASF/sam/drivers/udp/udp_device.o
                0x00402a90                udd_get_frame_number
 .text.udd_get_micro_frame_number
                0x00402aa0        0x4 src/ASF/sam/drivers/udp/udp_device.o
                0x00402aa0                udd_get_micro_frame_number
 .text.udd_set_setup_payload
                0x00402aa4        0xc src/ASF/sam/drivers/udp/udp_device.o
                0x00402aa4                udd_set_setup_payload
 .text.udd_ep_alloc
                0x00402ab0       0xf8 src/ASF/sam/drivers/udp/udp_device.o
                0x00402ab0                udd_ep_alloc
 .text.udd_ep_free
                0x00402ba8       0x58 src/ASF/sam/drivers/udp/udp_device.o
                0x00402ba8                udd_ep_free
 .text.udd_ep_is_halted
                0x00402c00       0x40 src/ASF/sam/drivers/udp/udp_device.o
                0x00402c00                udd_ep_is_halted
 .text.udd_ep_set_halt
                0x00402c40       0xe4 src/ASF/sam/drivers/udp/udp_device.o
                0x00402c40                udd_ep_set_halt
 .text.udd_ep_clear_halt
                0x00402d24       0xd8 src/ASF/sam/drivers/udp/udp_device.o
                0x00402d24                udd_ep_clear_halt
 .text.udd_ep_run
                0x00402dfc      0x17c src/ASF/sam/drivers/udp/udp_device.o
                0x00402dfc                udd_ep_run
 .text.udd_ep_abort
                0x00402f78      0x164 src/ASF/sam/drivers/udp/udp_device.o
                0x00402f78                udd_ep_abort
 .text.flash_init
                0x004030dc       0x18 src/ASF/sam/services/flash_efc/flash_efc.o
                0x004030dc                flash_init
 .text.flash_erase_sector
                0x004030f4       0x24 src/ASF/sam/services/flash_efc/flash_efc.o
                0x004030f4                flash_erase_sector
 .text.flash_write
                0x00403118       0xcc src/ASF/sam/services/flash_efc/flash_efc.o
                0x00403118                flash_write
 .text.flash_unlock
                0x004031e4       0x68 src/ASF/sam/services/flash_efc/flash_efc.o
                0x004031e4                flash_unlock
 .text.Dummy_Handler
                0x0040324c        0x2 src/ASF/sam/utils/cmsis/sam4e/source/templates/exceptions.o
                0x0040324c                DACC_Handler
                0x0040324c                DebugMon_Handler
                0x0040324c                DMAC_Handler
                0x0040324c                HardFault_Handler
                0x0040324c                TC2_Handler
                0x0040324c                SPI_Handler
                0x0040324c                SysTick_Handler
                0x0040324c                TWI1_Handler
                0x0040324c                PendSV_Handler
                0x0040324c                NMI_Handler
                0x0040324c                TC7_Handler
                0x0040324c                SMC_Handler
                0x0040324c                USART0_Handler
                0x0040324c                RTC_Handler
                0x0040324c                UsageFault_Handler
                0x0040324c                TC6_Handler
                0x0040324c                WDT_Handler
                0x0040324c                CAN0_Handler
                0x0040324c                TC4_Handler
                0x0040324c                TC1_Handler
                0x0040324c                HSMCI_Handler
                0x0040324c                UART1_Handler
                0x0040324c                TC3_Handler
                0x0040324c                ARM_Handler
                0x0040324c                Dummy_Handler
                0x0040324c                TWI0_Handler
                0x0040324c                USART1_Handler
                0x0040324c                ACC_Handler
                0x0040324c                PMC_Handler
                0x0040324c                GMAC_Handler
                0x0040324c                CAN1_Handler
                0x0040324c                MemManage_Handler
                0x0040324c                SUPC_Handler
                0x0040324c                SVC_Handler
                0x0040324c                TC8_Handler
                0x0040324c                EFC_Handler
                0x0040324c                UART0_Handler
                0x0040324c                BusFault_Handler
                0x0040324c                TC0_Handler
                0x0040324c                TC5_Handler
                0x0040324c                AES_Handler
 *fill*         0x0040324e        0x2 
 .text.Reset_Handler
                0x00403250       0xc8 src/ASF/sam/utils/cmsis/sam4e/source/templates/gcc/startup_sam4e.o
                0x00403250                Reset_Handler
 .text.SystemCoreClockUpdate
                0x00403318      0x10c src/ASF/sam/utils/cmsis/sam4e/source/templates/system_sam4e.o
                0x00403318                SystemCoreClockUpdate
 .text.system_init_flash
                0x00403424       0x74 src/ASF/sam/utils/cmsis/sam4e/source/templates/system_sam4e.o
                0x00403424                system_init_flash
 .text._sbrk    0x00403498       0x38 src/ASF/sam/utils/syscalls/gcc/syscalls.o
                0x00403498                _sbrk
 .text.afec_data_ready
                0x004034d0       0x18 src/main.o
 .text.spi_master_open_col
                0x004034e8       0x24 src/main.o
 .text.setFrequency
                0x0040350c       0x88 src/main.o
 .text.printUSB
                0x00403594       0x20 src/main.o
                0x00403594                printUSB
 .text.usb_printf
                0x004035b4       0x34 src/main.o
                0x004035b4                usb_printf
 .text.testFlash
                0x004035e8      0x12c src/main.o
 .text.send_json_like_message
                0x00403714      0x1d4 src/main.o
                0x00403714                send_json_like_message
 .text.save_ADC
                0x004038e8       0x58 src/main.o
                0x004038e8                save_ADC
 .text.PWM_Handler
                0x00403940       0x20 src/main.o
                0x00403940                PWM_Handler
 .text.restart_rtt
                0x00403960       0x54 src/main.o
                0x00403960                restart_rtt
 .text.start_rtt
                0x004039b4       0x48 src/main.o
                0x004039b4                start_rtt
 .text.RTT_Handler
                0x004039fc       0x1c src/main.o
                0x004039fc                RTT_Handler
 .text.interrupt_configure
                0x00403a18      0x284 src/main.o
                0x00403a18                interrupt_configure
 .text.close_all_Rows
                0x00403c9c      0x144 src/main.o
                0x00403c9c                close_all_Rows
 .text.open_all_Rows
                0x00403de0      0x144 src/main.o
                0x00403de0                open_all_Rows
 .text.matrixHandler
                0x00403f24       0x30 src/main.o
                0x00403f24                matrixHandler
 .text.matrixHandlerOpen
                0x00403f54       0x34 src/main.o
                0x00403f54                matrixHandlerOpen
 .text.matrixHandlerClose
                0x00403f88       0x34 src/main.o
                0x00403f88                matrixHandlerClose
 .text.matrixHandlerRowOpen
                0x00403fbc       0x24 src/main.o
                0x00403fbc                matrixHandlerRowOpen
 .text.matrixHandlerRowClose
                0x00403fe0       0x24 src/main.o
                0x00403fe0                matrixHandlerRowClose
 .text.matrixHandlerColOpen
                0x00404004       0x10 src/main.o
                0x00404004                matrixHandlerColOpen
 .text.matrixHandlerColClose
                0x00404014       0x10 src/main.o
                0x00404014                matrixHandlerColClose
 .text.close_all_Cols
                0x00404024       0x10 src/main.o
                0x00404024                close_all_Cols
 .text.open_all_Cols
                0x00404034       0x28 src/main.o
                0x00404034                open_all_Cols
 .text.display_matrix
                0x0040405c       0x14 src/main.o
                0x0040405c                display_matrix
 .text.display_pixels
                0x00404070       0x14 src/main.o
                0x00404070                display_pixels
 .text.RSTC_Handler
                0x00404084       0x1c src/main.o
                0x00404084                RSTC_Handler
 .text.main     0x004040a0     0x1108 src/main.o
                0x004040a0                main
 .text          0x004051a8       0x30 c:/program files (x86)/atmel/studio/7.0/toolchain/arm/arm-gnu-toolchain/bin/../lib/gcc/arm-none-eabi/6.3.1/thumb/v7e-m\libgcc.a(_aeabi_uldivmod.o)
                0x004051a8                __aeabi_uldivmod
 .text          0x004051d8      0x2dc c:/program files (x86)/atmel/studio/7.0/toolchain/arm/arm-gnu-toolchain/bin/../lib/gcc/arm-none-eabi/6.3.1/thumb/v7e-m\libgcc.a(_udivmoddi4.o)
                0x004051d8                __udivmoddi4
 .text          0x004054b4        0x4 c:/program files (x86)/atmel/studio/7.0/toolchain/arm/arm-gnu-toolchain/bin/../lib/gcc/arm-none-eabi/6.3.1/thumb/v7e-m\libgcc.a(_dvmd_tls.o)
                0x004054b4                __aeabi_idiv0
                0x004054b4                __aeabi_ldiv0
 .text.__libc_init_array
                0x004054b8       0x50 c:/program files (x86)/atmel/studio/7.0/toolchain/arm/arm-gnu-toolchain/bin/../lib/gcc/arm-none-eabi/6.3.1/../../../../arm-none-eabi/lib/thumb/v7e-m\libc.a(lib_a-init.o)
                0x004054b8                __libc_init_array
 .text          0x00405508      0x134 c:/program files (x86)/atmel/studio/7.0/toolchain/arm/arm-gnu-toolchain/bin/../lib/gcc/arm-none-eabi/6.3.1/../../../../arm-none-eabi/lib/thumb/v7e-m\libc.a(lib_a-memcpy.o)
                0x00405508                memcpy
 .text.memset   0x0040563c       0x9c c:/program files (x86)/atmel/studio/7.0/toolchain/arm/arm-gnu-toolchain/bin/../lib/gcc/arm-none-eabi/6.3.1/../../../../arm-none-eabi/lib/thumb/v7e-m\libc.a(lib_a-memset.o)
                0x0040563c                memset
 .text.snprintf
                0x004056d8       0x98 c:/program files (x86)/atmel/studio/7.0/toolchain/arm/arm-gnu-toolchain/bin/../lib/gcc/arm-none-eabi/6.3.1/../../../../arm-none-eabi/lib/thumb/v7e-m\libc.a(lib_a-snprintf.o)
                0x004056d8                snprintf
 .text._svfprintf_r
                0x00405770     0x145c c:/program files (x86)/atmel/studio/7.0/toolchain/arm/arm-gnu-toolchain/bin/../lib/gcc/arm-none-eabi/6.3.1/../../../../arm-none-eabi/lib/thumb/v7e-m\libc.a(lib_a-svfprintf.o)
                0x00405770                _svfprintf_r
 .text._vsnprintf_r
                0x00406bcc       0x74 c:/program files (x86)/atmel/studio/7.0/toolchain/arm/arm-gnu-toolchain/bin/../lib/gcc/arm-none-eabi/6.3.1/../../../../arm-none-eabi/lib/thumb/v7e-m\libc.a(lib_a-vsnprintf.o)
                0x00406bcc                _vsnprintf_r
 .text.vsnprintf
                0x00406c40       0x20 c:/program files (x86)/atmel/studio/7.0/toolchain/arm/arm-gnu-toolchain/bin/../lib/gcc/arm-none-eabi/6.3.1/../../../../arm-none-eabi/lib/thumb/v7e-m\libc.a(lib_a-vsnprintf.o)
                0x00406c40                vsnprintf
 .text.startup.register_fini
                0x00406c60       0x14 c:/program files (x86)/atmel/studio/7.0/toolchain/arm/arm-gnu-toolchain/bin/../lib/gcc/arm-none-eabi/6.3.1/../../../../arm-none-eabi/lib/thumb/v7e-m\libc.a(lib_a-__call_atexit.o)
 .text.atexit   0x00406c74        0xc c:/program files (x86)/atmel/studio/7.0/toolchain/arm/arm-gnu-toolchain/bin/../lib/gcc/arm-none-eabi/6.3.1/../../../../arm-none-eabi/lib/thumb/v7e-m\libc.a(lib_a-atexit.o)
                0x00406c74                atexit
 .text.quorem   0x00406c80      0x128 c:/program files (x86)/atmel/studio/7.0/toolchain/arm/arm-gnu-toolchain/bin/../lib/gcc/arm-none-eabi/6.3.1/../../../../arm-none-eabi/lib/thumb/v7e-m\libc.a(lib_a-dtoa.o)
 .text._dtoa_r  0x00406da8      0xe54 c:/program files (x86)/atmel/studio/7.0/toolchain/arm/arm-gnu-toolchain/bin/../lib/gcc/arm-none-eabi/6.3.1/../../../../arm-none-eabi/lib/thumb/v7e-m\libc.a(lib_a-dtoa.o)
                0x00406da8                _dtoa_r
 .text.__libc_fini_array
                0x00407bfc       0x34 c:/program files (x86)/atmel/studio/7.0/toolchain/arm/arm-gnu-toolchain/bin/../lib/gcc/arm-none-eabi/6.3.1/../../../../arm-none-eabi/lib/thumb/v7e-m\libc.a(lib_a-fini.o)
                0x00407bfc                __libc_fini_array
 .text._localeconv_r
                0x00407c30       0x1c c:/program files (x86)/atmel/studio/7.0/toolchain/arm/arm-gnu-toolchain/bin/../lib/gcc/arm-none-eabi/6.3.1/../../../../arm-none-eabi/lib/thumb/v7e-m\libc.a(lib_a-localeconv.o)
                0x00407c30                _localeconv_r
 .text.__retarget_lock_acquire_recursive
                0x00407c4c        0x4 c:/program files (x86)/atmel/studio/7.0/toolchain/arm/arm-gnu-toolchain/bin/../lib/gcc/arm-none-eabi/6.3.1/../../../../arm-none-eabi/lib/thumb/v7e-m\libc.a(lib_a-lock.o)
                0x00407c4c                __retarget_lock_acquire_recursive
 .text.__retarget_lock_release_recursive
                0x00407c50        0x4 c:/program files (x86)/atmel/studio/7.0/toolchain/arm/arm-gnu-toolchain/bin/../lib/gcc/arm-none-eabi/6.3.1/../../../../arm-none-eabi/lib/thumb/v7e-m\libc.a(lib_a-lock.o)
                0x00407c50                __retarget_lock_release_recursive
 .text._malloc_r
                0x00407c54      0x560 c:/program files (x86)/atmel/studio/7.0/toolchain/arm/arm-gnu-toolchain/bin/../lib/gcc/arm-none-eabi/6.3.1/../../../../arm-none-eabi/lib/thumb/v7e-m\libc.a(lib_a-mallocr.o)
                0x00407c54                _malloc_r
 *fill*         0x004081b4        0xc 
 .text          0x004081c0       0xa0 c:/program files (x86)/atmel/studio/7.0/toolchain/arm/arm-gnu-toolchain/bin/../lib/gcc/arm-none-eabi/6.3.1/../../../../arm-none-eabi/lib/thumb/v7e-m\libc.a(lib_a-memchr.o)
                0x004081c0                memchr
 .text.__malloc_lock
                0x00408260        0xc c:/program files (x86)/atmel/studio/7.0/toolchain/arm/arm-gnu-toolchain/bin/../lib/gcc/arm-none-eabi/6.3.1/../../../../arm-none-eabi/lib/thumb/v7e-m\libc.a(lib_a-mlock.o)
                0x00408260                __malloc_lock
 .text.__malloc_unlock
                0x0040826c        0xc c:/program files (x86)/atmel/studio/7.0/toolchain/arm/arm-gnu-toolchain/bin/../lib/gcc/arm-none-eabi/6.3.1/../../../../arm-none-eabi/lib/thumb/v7e-m\libc.a(lib_a-mlock.o)
                0x0040826c                __malloc_unlock
 .text._Balloc  0x00408278       0x4c c:/program files (x86)/atmel/studio/7.0/toolchain/arm/arm-gnu-toolchain/bin/../lib/gcc/arm-none-eabi/6.3.1/../../../../arm-none-eabi/lib/thumb/v7e-m\libc.a(lib_a-mprec.o)
                0x00408278                _Balloc
 .text._Bfree   0x004082c4       0x14 c:/program files (x86)/atmel/studio/7.0/toolchain/arm/arm-gnu-toolchain/bin/../lib/gcc/arm-none-eabi/6.3.1/../../../../arm-none-eabi/lib/thumb/v7e-m\libc.a(lib_a-mprec.o)
                0x004082c4                _Bfree
 .text.__multadd
                0x004082d8       0x80 c:/program files (x86)/atmel/studio/7.0/toolchain/arm/arm-gnu-toolchain/bin/../lib/gcc/arm-none-eabi/6.3.1/../../../../arm-none-eabi/lib/thumb/v7e-m\libc.a(lib_a-mprec.o)
                0x004082d8                __multadd
 .text.__hi0bits
                0x00408358       0x40 c:/program files (x86)/atmel/studio/7.0/toolchain/arm/arm-gnu-toolchain/bin/../lib/gcc/arm-none-eabi/6.3.1/../../../../arm-none-eabi/lib/thumb/v7e-m\libc.a(lib_a-mprec.o)
                0x00408358                __hi0bits
 .text.__lo0bits
                0x00408398       0x60 c:/program files (x86)/atmel/studio/7.0/toolchain/arm/arm-gnu-toolchain/bin/../lib/gcc/arm-none-eabi/6.3.1/../../../../arm-none-eabi/lib/thumb/v7e-m\libc.a(lib_a-mprec.o)
                0x00408398                __lo0bits
 .text.__i2b    0x004083f8       0x14 c:/program files (x86)/atmel/studio/7.0/toolchain/arm/arm-gnu-toolchain/bin/../lib/gcc/arm-none-eabi/6.3.1/../../../../arm-none-eabi/lib/thumb/v7e-m\libc.a(lib_a-mprec.o)
                0x004083f8                __i2b
 .text.__multiply
                0x0040840c      0x124 c:/program files (x86)/atmel/studio/7.0/toolchain/arm/arm-gnu-toolchain/bin/../lib/gcc/arm-none-eabi/6.3.1/../../../../arm-none-eabi/lib/thumb/v7e-m\libc.a(lib_a-mprec.o)
                0x0040840c                __multiply
 .text.__pow5mult
                0x00408530       0xa0 c:/program files (x86)/atmel/studio/7.0/toolchain/arm/arm-gnu-toolchain/bin/../lib/gcc/arm-none-eabi/6.3.1/../../../../arm-none-eabi/lib/thumb/v7e-m\libc.a(lib_a-mprec.o)
                0x00408530                __pow5mult
 .text.__lshift
                0x004085d0       0xa4 c:/program files (x86)/atmel/studio/7.0/toolchain/arm/arm-gnu-toolchain/bin/../lib/gcc/arm-none-eabi/6.3.1/../../../../arm-none-eabi/lib/thumb/v7e-m\libc.a(lib_a-mprec.o)
                0x004085d0                __lshift
 .text.__mcmp   0x00408674       0x38 c:/program files (x86)/atmel/studio/7.0/toolchain/arm/arm-gnu-toolchain/bin/../lib/gcc/arm-none-eabi/6.3.1/../../../../arm-none-eabi/lib/thumb/v7e-m\libc.a(lib_a-mprec.o)
                0x00408674                __mcmp
 .text.__mdiff  0x004086ac      0x108 c:/program files (x86)/atmel/studio/7.0/toolchain/arm/arm-gnu-toolchain/bin/../lib/gcc/arm-none-eabi/6.3.1/../../../../arm-none-eabi/lib/thumb/v7e-m\libc.a(lib_a-mprec.o)
                0x004086ac                __mdiff
 .text.__d2b    0x004087b4       0xb8 c:/program files (x86)/atmel/studio/7.0/toolchain/arm/arm-gnu-toolchain/bin/../lib/gcc/arm-none-eabi/6.3.1/../../../../arm-none-eabi/lib/thumb/v7e-m\libc.a(lib_a-mprec.o)
                0x004087b4                __d2b
 .text._sbrk_r  0x0040886c       0x24 c:/program files (x86)/atmel/studio/7.0/toolchain/arm/arm-gnu-toolchain/bin/../lib/gcc/arm-none-eabi/6.3.1/../../../../arm-none-eabi/lib/thumb/v7e-m\libc.a(lib_a-sbrkr.o)
                0x0040886c                _sbrk_r
 *fill*         0x00408890       0x30 
 .text          0x004088c0       0xdc c:/program files (x86)/atmel/studio/7.0/toolchain/arm/arm-gnu-toolchain/bin/../lib/gcc/arm-none-eabi/6.3.1/../../../../arm-none-eabi/lib/thumb/v7e-m\libc.a(lib_a-strlen.o)
                0x004088c0                strlen
 .text.__ssprint_r
                0x0040899c       0xfc c:/program files (x86)/atmel/studio/7.0/toolchain/arm/arm-gnu-toolchain/bin/../lib/gcc/arm-none-eabi/6.3.1/../../../../arm-none-eabi/lib/thumb/v7e-m\libc.a(lib_a-svfiprintf.o)
                0x0040899c                __ssprint_r
 .text.__register_exitproc
                0x00408a98       0xc4 c:/program files (x86)/atmel/studio/7.0/toolchain/arm/arm-gnu-toolchain/bin/../lib/gcc/arm-none-eabi/6.3.1/../../../../arm-none-eabi/lib/thumb/v7e-m\libc.a(lib_a-__atexit.o)
                0x00408a98                __register_exitproc
 .text._calloc_r
                0x00408b5c       0x60 c:/program files (x86)/atmel/studio/7.0/toolchain/arm/arm-gnu-toolchain/bin/../lib/gcc/arm-none-eabi/6.3.1/../../../../arm-none-eabi/lib/thumb/v7e-m\libc.a(lib_a-callocr.o)
                0x00408b5c                _calloc_r
 .text._malloc_trim_r
                0x00408bbc       0xa0 c:/program files (x86)/atmel/studio/7.0/toolchain/arm/arm-gnu-toolchain/bin/../lib/gcc/arm-none-eabi/6.3.1/../../../../arm-none-eabi/lib/thumb/v7e-m\libc.a(lib_a-freer.o)
                0x00408bbc                _malloc_trim_r
 .text._free_r  0x00408c5c      0x1cc c:/program files (x86)/atmel/studio/7.0/toolchain/arm/arm-gnu-toolchain/bin/../lib/gcc/arm-none-eabi/6.3.1/../../../../arm-none-eabi/lib/thumb/v7e-m\libc.a(lib_a-freer.o)
                0x00408c5c                _free_r
 .text.__ascii_mbtowc
                0x00408e28       0x2c c:/program files (x86)/atmel/studio/7.0/toolchain/arm/arm-gnu-toolchain/bin/../lib/gcc/arm-none-eabi/6.3.1/../../../../arm-none-eabi/lib/thumb/v7e-m\libc.a(lib_a-mbtowc_r.o)
                0x00408e28                __ascii_mbtowc
 .text.memmove  0x00408e54       0xc8 c:/program files (x86)/atmel/studio/7.0/toolchain/arm/arm-gnu-toolchain/bin/../lib/gcc/arm-none-eabi/6.3.1/../../../../arm-none-eabi/lib/thumb/v7e-m\libc.a(lib_a-memmove.o)
                0x00408e54                memmove
 .text._realloc_r
                0x00408f1c      0x34c c:/program files (x86)/atmel/studio/7.0/toolchain/arm/arm-gnu-toolchain/bin/../lib/gcc/arm-none-eabi/6.3.1/../../../../arm-none-eabi/lib/thumb/v7e-m\libc.a(lib_a-reallocr.o)
                0x00408f1c                _realloc_r
 .text.__ascii_wctomb
                0x00409268       0x1c c:/program files (x86)/atmel/studio/7.0/toolchain/arm/arm-gnu-toolchain/bin/../lib/gcc/arm-none-eabi/6.3.1/../../../../arm-none-eabi/lib/thumb/v7e-m\libc.a(lib_a-wctomb_r.o)
                0x00409268                __ascii_wctomb
 .text          0x00409284      0x370 c:/program files (x86)/atmel/studio/7.0/toolchain/arm/arm-gnu-toolchain/bin/../lib/gcc/arm-none-eabi/6.3.1/thumb/v7e-m\libgcc.a(_arm_addsubdf3.o)
                0x00409284                __aeabi_drsub
                0x0040928c                __aeabi_dsub
                0x0040928c                __subdf3
                0x00409290                __aeabi_dadd
                0x00409290                __adddf3
                0x00409508                __floatunsidf
                0x00409508                __aeabi_ui2d
                0x00409528                __floatsidf
                0x00409528                __aeabi_i2d
                0x0040954c                __aeabi_f2d
                0x0040954c                __extendsfdf2
                0x00409588                __floatundidf
                0x00409588                __aeabi_ul2d
                0x00409598                __floatdidf
                0x00409598                __aeabi_l2d
 .text          0x004095f4      0x424 c:/program files (x86)/atmel/studio/7.0/toolchain/arm/arm-gnu-toolchain/bin/../lib/gcc/arm-none-eabi/6.3.1/thumb/v7e-m\libgcc.a(_arm_muldivdf3.o)
                0x004095f4                __aeabi_dmul
                0x004095f4                __muldf3
                0x00409848                __divdf3
                0x00409848                __aeabi_ddiv
 .text          0x00409a18      0x110 c:/program files (x86)/atmel/studio/7.0/toolchain/arm/arm-gnu-toolchain/bin/../lib/gcc/arm-none-eabi/6.3.1/thumb/v7e-m\libgcc.a(_arm_cmpdf2.o)
                0x00409a18                __gtdf2
                0x00409a18                __gedf2
                0x00409a20                __ltdf2
                0x00409a20                __ledf2
                0x00409a28                __nedf2
                0x00409a28                __eqdf2
                0x00409a28                __cmpdf2
                0x00409aa4                __aeabi_cdrcmple
                0x00409ab4                __aeabi_cdcmpeq
                0x00409ab4                __aeabi_cdcmple
                0x00409ac4                __aeabi_dcmpeq
                0x00409ad8                __aeabi_dcmplt
                0x00409aec                __aeabi_dcmple
                0x00409b00                __aeabi_dcmpge
                0x00409b14                __aeabi_dcmpgt
 .text          0x00409b28       0x2c c:/program files (x86)/atmel/studio/7.0/toolchain/arm/arm-gnu-toolchain/bin/../lib/gcc/arm-none-eabi/6.3.1/thumb/v7e-m\libgcc.a(_arm_unorddf2.o)
                0x00409b28                __unorddf2
                0x00409b28                __aeabi_dcmpun
 .text          0x00409b54       0x50 c:/program files (x86)/atmel/studio/7.0/toolchain/arm/arm-gnu-toolchain/bin/../lib/gcc/arm-none-eabi/6.3.1/thumb/v7e-m\libgcc.a(_arm_fixdfsi.o)
                0x00409b54                __aeabi_d2iz
                0x00409b54                __fixdfsi
 *(.glue_7t)
 .glue_7t       0x00409ba4        0x0 linker stubs
 *(.glue_7)
 .glue_7        0x00409ba4        0x0 linker stubs
 *(.rodata .rodata* .gnu.linkonce.r.*)
 .rodata        0x00409ba4       0x2c src/ASF/sam/drivers/pwm/pwm.o
 .rodata.display_matrix.str1.4
                0x00409bd0      0x143 src/main.o
 *fill*         0x00409d13        0x1 
 .rodata.display_pixels.str1.4
                0x00409d14       0x3e src/main.o
 *fill*         0x00409d52        0x2 
 .rodata.main.str1.4
                0x00409d54      0x3b4 src/main.o
                                0x3c4 (size before relaxing)
 .rodata.printADC.str1.4
                0x0040a108       0x7d src/main.o
                                 0x81 (size before relaxing)
 *fill*         0x0040a185        0x3 
 .rodata.send_json_like_message.str1.4
                0x0040a188       0xce src/main.o
                                 0xd2 (size before relaxing)
 *fill*         0x0040a256        0x2 
 .rodata.testFlash.str1.4
                0x0040a258      0x105 src/main.o
 *fill*         0x0040a35d        0x3 
 .rodata._global_impure_ptr
                0x0040a360        0x4 c:/program files (x86)/atmel/studio/7.0/toolchain/arm/arm-gnu-toolchain/bin/../lib/gcc/arm-none-eabi/6.3.1/../../../../arm-none-eabi/lib/thumb/v7e-m\libc.a(lib_a-impure.o)
                0x0040a360                _global_impure_ptr
 .rodata._svfprintf_r.str1.4
                0x0040a364       0x42 c:/program files (x86)/atmel/studio/7.0/toolchain/arm/arm-gnu-toolchain/bin/../lib/gcc/arm-none-eabi/6.3.1/../../../../arm-none-eabi/lib/thumb/v7e-m\libc.a(lib_a-svfprintf.o)
 *fill*         0x0040a3a6        0x2 
 .rodata.blanks.7223
                0x0040a3a8       0x10 c:/program files (x86)/atmel/studio/7.0/toolchain/arm/arm-gnu-toolchain/bin/../lib/gcc/arm-none-eabi/6.3.1/../../../../arm-none-eabi/lib/thumb/v7e-m\libc.a(lib_a-svfprintf.o)
 .rodata.zeroes.7224
                0x0040a3b8       0x10 c:/program files (x86)/atmel/studio/7.0/toolchain/arm/arm-gnu-toolchain/bin/../lib/gcc/arm-none-eabi/6.3.1/../../../../arm-none-eabi/lib/thumb/v7e-m\libc.a(lib_a-svfprintf.o)
 .rodata._dtoa_r.str1.4
                0x0040a3c8       0x10 c:/program files (x86)/atmel/studio/7.0/toolchain/arm/arm-gnu-toolchain/bin/../lib/gcc/arm-none-eabi/6.3.1/../../../../arm-none-eabi/lib/thumb/v7e-m\libc.a(lib_a-dtoa.o)
                                 0x12 (size before relaxing)
 .rodata.__mprec_bigtens
                0x0040a3d8       0x28 c:/program files (x86)/atmel/studio/7.0/toolchain/arm/arm-gnu-toolchain/bin/../lib/gcc/arm-none-eabi/6.3.1/../../../../arm-none-eabi/lib/thumb/v7e-m\libc.a(lib_a-mprec.o)
                0x0040a3d8                __mprec_bigtens
 .rodata.__mprec_tens
                0x0040a400       0xc8 c:/program files (x86)/atmel/studio/7.0/toolchain/arm/arm-gnu-toolchain/bin/../lib/gcc/arm-none-eabi/6.3.1/../../../../arm-none-eabi/lib/thumb/v7e-m\libc.a(lib_a-mprec.o)
                0x0040a400                __mprec_tens
 .rodata.p05.6055
                0x0040a4c8        0xc c:/program files (x86)/atmel/studio/7.0/toolchain/arm/arm-gnu-toolchain/bin/../lib/gcc/arm-none-eabi/6.3.1/../../../../arm-none-eabi/lib/thumb/v7e-m\libc.a(lib_a-mprec.o)
 .rodata._setlocale_r.str1.4
                0x0040a4d4        0xc c:/program files (x86)/atmel/studio/7.0/toolchain/arm/arm-gnu-toolchain/bin/../lib/gcc/arm-none-eabi/6.3.1/../../../../arm-none-eabi/lib/thumb/v7e-m\libc.a(lib_a-locale.o)
                                  0xd (size before relaxing)
 .rodata.str1.4
                0x0040a4e0        0x2 c:/program files (x86)/atmel/studio/7.0/toolchain/arm/arm-gnu-toolchain/bin/../lib/gcc/arm-none-eabi/6.3.1/../../../../arm-none-eabi/lib/thumb/v7e-m\libc.a(lib_a-locale.o)
 .rodata._ctype_
                0x0040a4e0      0x101 c:/program files (x86)/atmel/studio/7.0/toolchain/arm/arm-gnu-toolchain/bin/../lib/gcc/arm-none-eabi/6.3.1/../../../../arm-none-eabi/lib/thumb/v7e-m\libc.a(lib_a-ctype_.o)
                0x0040a4e0                _ctype_
 *(.ARM.extab* .gnu.linkonce.armextab.*)
                0x0040a5e4                . = ALIGN (0x4)
 *fill*         0x0040a5e1        0x3 
 *(.init)
 .init          0x0040a5e4        0x4 c:/program files (x86)/atmel/studio/7.0/toolchain/arm/arm-gnu-toolchain/bin/../lib/gcc/arm-none-eabi/6.3.1/thumb/v7e-m/crti.o
                0x0040a5e4                _init
 .init          0x0040a5e8        0x8 c:/program files (x86)/atmel/studio/7.0/toolchain/arm/arm-gnu-toolchain/bin/../lib/gcc/arm-none-eabi/6.3.1/thumb/v7e-m/crtn.o
                0x0040a5f0                . = ALIGN (0x4)
                0x0040a5f0                __preinit_array_start = .
 *(.preinit_array)
                0x0040a5f0                __preinit_array_end = .
                0x0040a5f0                . = ALIGN (0x4)
                0x0040a5f0                __init_array_start = .
 *(SORT(.init_array.*))
 .init_array.00000
                0x0040a5f0        0x4 c:/program files (x86)/atmel/studio/7.0/toolchain/arm/arm-gnu-toolchain/bin/../lib/gcc/arm-none-eabi/6.3.1/../../../../arm-none-eabi/lib/thumb/v7e-m\libc.a(lib_a-__call_atexit.o)
 *(.init_array)
 .init_array    0x0040a5f4        0x4 c:/program files (x86)/atmel/studio/7.0/toolchain/arm/arm-gnu-toolchain/bin/../lib/gcc/arm-none-eabi/6.3.1/thumb/v7e-m/crtbegin.o
                0x0040a5f8                __init_array_end = .
                0x0040a5f8                . = ALIGN (0x4)
 *crtbegin.o(.ctors)
 *(EXCLUDE_FILE(*crtend.o) .ctors)
 *(SORT(.ctors.*))
 *crtend.o(.ctors)
                0x0040a5f8                . = ALIGN (0x4)
 *(.fini)
 .fini          0x0040a5f8        0x4 c:/program files (x86)/atmel/studio/7.0/toolchain/arm/arm-gnu-toolchain/bin/../lib/gcc/arm-none-eabi/6.3.1/thumb/v7e-m/crti.o
                0x0040a5f8                _fini
 .fini          0x0040a5fc        0x8 c:/program files (x86)/atmel/studio/7.0/toolchain/arm/arm-gnu-toolchain/bin/../lib/gcc/arm-none-eabi/6.3.1/thumb/v7e-m/crtn.o
                0x0040a604                . = ALIGN (0x4)
                0x0040a604                __fini_array_start = .
 *(.fini_array)
 .fini_array    0x0040a604        0x4 c:/program files (x86)/atmel/studio/7.0/toolchain/arm/arm-gnu-toolchain/bin/../lib/gcc/arm-none-eabi/6.3.1/thumb/v7e-m/crtbegin.o
 *(SORT(.fini_array.*))
                0x0040a608                __fini_array_end = .
 *crtbegin.o(.dtors)
 *(EXCLUDE_FILE(*crtend.o) .dtors)
 *(SORT(.dtors.*))
 *crtend.o(.dtors)
                0x0040a608                . = ALIGN (0x4)
                0x0040a608                _efixed = .
                [!provide]                PROVIDE (__exidx_start, .)

.vfp11_veneer   0x0040a608        0x0
 .vfp11_veneer  0x0040a608        0x0 linker stubs

.v4_bx          0x0040a608        0x0
 .v4_bx         0x0040a608        0x0 linker stubs

.iplt           0x0040a608        0x0
 .iplt          0x0040a608        0x0 c:/program files (x86)/atmel/studio/7.0/toolchain/arm/arm-gnu-toolchain/bin/../lib/gcc/arm-none-eabi/6.3.1/thumb/v7e-m/crtbegin.o

.ARM.exidx      0x0040a608        0x8
 *(.ARM.exidx* .gnu.linkonce.armexidx.*)
 .ARM.exidx     0x0040a608        0x8 c:/program files (x86)/atmel/studio/7.0/toolchain/arm/arm-gnu-toolchain/bin/../lib/gcc/arm-none-eabi/6.3.1/thumb/v7e-m\libgcc.a(_udivmoddi4.o)
                [!provide]                PROVIDE (__exidx_end, .)

.eh_frame       0x0040a610        0x0
 .eh_frame      0x0040a610        0x0 c:/program files (x86)/atmel/studio/7.0/toolchain/arm/arm-gnu-toolchain/bin/../lib/gcc/arm-none-eabi/6.3.1/thumb/v7e-m/crtbegin.o

.rel.dyn        0x0040a610        0x0
 .rel.iplt      0x0040a610        0x0 c:/program files (x86)/atmel/studio/7.0/toolchain/arm/arm-gnu-toolchain/bin/../lib/gcc/arm-none-eabi/6.3.1/thumb/v7e-m/crtbegin.o

.jcr            0x0040a610        0x0
 .jcr           0x0040a610        0x0 c:/program files (x86)/atmel/studio/7.0/toolchain/arm/arm-gnu-toolchain/bin/../lib/gcc/arm-none-eabi/6.3.1/thumb/v7e-m/crtbegin.o

.igot.plt       0x0040a610        0x0
 .igot.plt      0x0040a610        0x0 c:/program files (x86)/atmel/studio/7.0/toolchain/arm/arm-gnu-toolchain/bin/../lib/gcc/arm-none-eabi/6.3.1/thumb/v7e-m/crtbegin.o
                0x0040a610                . = ALIGN (0x4)
                0x0040a610                _etext = .

.relocate       0x20000000      0xbf8 load address 0x0040a610
                0x20000000                . = ALIGN (0x4)
                0x20000000                _srelocate = .
 *(.ramfunc .ramfunc.*)
 .ramfunc       0x20000000        0xa src/ASF/common/services/delay/sam/cycle_counter.o
                0x20000000                portable_delay_cycles
 *fill*         0x2000000a        0x2 
 .ramfunc       0x2000000c       0x88 src/ASF/sam/drivers/efc/efc.o
                0x2000000c                efc_perform_read_sequence
                0x20000074                efc_write_fmr
                0x20000078                efc_perform_fcr
 *(.data .data.*)
 .data.udi_api_cdc_comm
                0x20000094       0x14 src/ASF/common/services/usb/class/cdc/device/udi_cdc.o
                0x20000094                udi_api_cdc_comm
 .data.udi_api_cdc_data
                0x200000a8       0x14 src/ASF/common/services/usb/class/cdc/device/udi_cdc.o
                0x200000a8                udi_api_cdc_data
 .data.udc_config
                0x200000bc        0xc src/ASF/common/services/usb/class/cdc/device/udi_cdc_desc.o
                0x200000bc                udc_config
 .data.udc_config_fs
                0x200000c8        0x8 src/ASF/common/services/usb/class/cdc/device/udi_cdc_desc.o
                0x200000c8                udc_config_fs
 .data.udc_desc_fs
                0x200000d0       0x43 src/ASF/common/services/usb/class/cdc/device/udi_cdc_desc.o
                0x200000d0                udc_desc_fs
 *fill*         0x20000113        0x1 
 .data.udc_device_desc
                0x20000114       0x12 src/ASF/common/services/usb/class/cdc/device/udi_cdc_desc.o
                0x20000114                udc_device_desc
 *fill*         0x20000126        0x2 
 .data.udi_apis
                0x20000128        0x8 src/ASF/common/services/usb/class/cdc/device/udi_cdc_desc.o
                0x20000128                udi_apis
 .data.udc_string_desc_languageid
                0x20000130        0x4 src/ASF/common/services/usb/udc/udc.o
 .data.g_interrupt_enabled
                0x20000134        0x1 src/ASF/common/utils/interrupt/interrupt_sam_nvic.o
                0x20000134                g_interrupt_enabled
 *fill*         0x20000135        0x3 
 .data.SystemCoreClock
                0x20000138        0x4 src/ASF/sam/utils/cmsis/sam4e/source/templates/system_sam4e.o
                0x20000138                SystemCoreClock
 .data.all_matrix
                0x2000013c        0x1 src/main.o
 *fill*         0x2000013d        0x3 
 .data.del      0x20000140        0x4 src/main.o
                0x20000140                del
 .data.measure  0x20000144        0x1 src/main.o
 *fill*         0x20000145        0x3 
 .data.new_freq
                0x20000148        0x6 src/main.o
 .data.open_s   0x2000014e        0x1 src/main.o
 *fill*         0x2000014f        0x1 
 .data.powerOf10
                0x20000150        0x4 src/main.o
 .data.reset_pixel
                0x20000154        0x1 src/main.o
 *fill*         0x20000155        0x3 
 .data.rowValues
                0x20000158       0xf0 src/main.o
                0x20000158                rowValues
 .data.switch_row
                0x20000248        0x1 src/main.o
 *fill*         0x20000249        0x3 
 .data._impure_ptr
                0x2000024c        0x4 c:/program files (x86)/atmel/studio/7.0/toolchain/arm/arm-gnu-toolchain/bin/../lib/gcc/arm-none-eabi/6.3.1/../../../../arm-none-eabi/lib/thumb/v7e-m\libc.a(lib_a-impure.o)
                0x2000024c                _impure_ptr
 .data.impure_data
                0x20000250      0x428 c:/program files (x86)/atmel/studio/7.0/toolchain/arm/arm-gnu-toolchain/bin/../lib/gcc/arm-none-eabi/6.3.1/../../../../arm-none-eabi/lib/thumb/v7e-m\libc.a(lib_a-impure.o)
 .data.__atexit_recursive_mutex
                0x20000678        0x4 c:/program files (x86)/atmel/studio/7.0/toolchain/arm/arm-gnu-toolchain/bin/../lib/gcc/arm-none-eabi/6.3.1/../../../../arm-none-eabi/lib/thumb/v7e-m\libc.a(lib_a-__call_atexit.o)
                0x20000678                __atexit_recursive_mutex
 .data.__malloc_av_
                0x2000067c      0x408 c:/program files (x86)/atmel/studio/7.0/toolchain/arm/arm-gnu-toolchain/bin/../lib/gcc/arm-none-eabi/6.3.1/../../../../arm-none-eabi/lib/thumb/v7e-m\libc.a(lib_a-mallocr.o)
                0x2000067c                __malloc_av_
 .data.__malloc_sbrk_base
                0x20000a84        0x4 c:/program files (x86)/atmel/studio/7.0/toolchain/arm/arm-gnu-toolchain/bin/../lib/gcc/arm-none-eabi/6.3.1/../../../../arm-none-eabi/lib/thumb/v7e-m\libc.a(lib_a-mallocr.o)
                0x20000a84                __malloc_sbrk_base
 .data.__malloc_trim_threshold
                0x20000a88        0x4 c:/program files (x86)/atmel/studio/7.0/toolchain/arm/arm-gnu-toolchain/bin/../lib/gcc/arm-none-eabi/6.3.1/../../../../arm-none-eabi/lib/thumb/v7e-m\libc.a(lib_a-mallocr.o)
                0x20000a88                __malloc_trim_threshold
 .data.__global_locale
                0x20000a8c      0x16c c:/program files (x86)/atmel/studio/7.0/toolchain/arm/arm-gnu-toolchain/bin/../lib/gcc/arm-none-eabi/6.3.1/../../../../arm-none-eabi/lib/thumb/v7e-m\libc.a(lib_a-locale.o)
                0x20000a8c                __global_locale
                0x20000bf8                . = ALIGN (0x4)
                0x20000bf8                _erelocate = .

.bss            0x20000bf8     0x625c load address 0x0040b208
                0x20000bf8                . = ALIGN (0x4)
                0x20000bf8                _sbss = .
                0x20000bf8                _szero = .
 *(.bss .bss.*)
 .bss           0x20000bf8       0x1c c:/program files (x86)/atmel/studio/7.0/toolchain/arm/arm-gnu-toolchain/bin/../lib/gcc/arm-none-eabi/6.3.1/thumb/v7e-m/crtbegin.o
 .bss.sof_zlp_counter.9450
                0x20000c14        0x2 src/ASF/common/services/usb/class/cdc/device/udi_cdc.o
 .bss.udi_cdc_data_running
                0x20000c16        0x1 src/ASF/common/services/usb/class/cdc/device/udi_cdc.o
 *fill*         0x20000c17        0x1 
 .bss.udi_cdc_line_coding
                0x20000c18        0x7 src/ASF/common/services/usb/class/cdc/device/udi_cdc.o
 .bss.udi_cdc_nb_comm_enabled
                0x20000c1f        0x1 src/ASF/common/services/usb/class/cdc/device/udi_cdc.o
 .bss.udi_cdc_nb_data_enabled
                0x20000c20        0x1 src/ASF/common/services/usb/class/cdc/device/udi_cdc.o
 *fill*         0x20000c21        0x3 
 .bss.udi_cdc_rx_buf
                0x20000c24       0x80 src/ASF/common/services/usb/class/cdc/device/udi_cdc.o
 .bss.udi_cdc_rx_buf_nb
                0x20000ca4        0x4 src/ASF/common/services/usb/class/cdc/device/udi_cdc.o
 .bss.udi_cdc_rx_buf_sel
                0x20000ca8        0x1 src/ASF/common/services/usb/class/cdc/device/udi_cdc.o
 *fill*         0x20000ca9        0x3 
 .bss.udi_cdc_rx_pos
                0x20000cac        0x2 src/ASF/common/services/usb/class/cdc/device/udi_cdc.o
 *fill*         0x20000cae        0x2 
 .bss.udi_cdc_rx_trans_ongoing
                0x20000cb0        0x1 src/ASF/common/services/usb/class/cdc/device/udi_cdc.o
 *fill*         0x20000cb1        0x3 
 .bss.udi_cdc_state
                0x20000cb4        0x2 src/ASF/common/services/usb/class/cdc/device/udi_cdc.o
 *fill*         0x20000cb6        0x2 
 .bss.udi_cdc_tx_both_buf_to_send
                0x20000cb8        0x1 src/ASF/common/services/usb/class/cdc/device/udi_cdc.o
 *fill*         0x20000cb9        0x3 
 .bss.udi_cdc_tx_buf
                0x20000cbc       0x80 src/ASF/common/services/usb/class/cdc/device/udi_cdc.o
 .bss.udi_cdc_tx_buf_nb
                0x20000d3c        0x4 src/ASF/common/services/usb/class/cdc/device/udi_cdc.o
 .bss.udi_cdc_tx_buf_sel
                0x20000d40        0x1 src/ASF/common/services/usb/class/cdc/device/udi_cdc.o
 *fill*         0x20000d41        0x3 
 .bss.udi_cdc_tx_sof_num
                0x20000d44        0x2 src/ASF/common/services/usb/class/cdc/device/udi_cdc.o
 *fill*         0x20000d46        0x2 
 .bss.udi_cdc_tx_trans_ongoing
                0x20000d48        0x1 src/ASF/common/services/usb/class/cdc/device/udi_cdc.o
 *fill*         0x20000d49        0x3 
 .bss.uid_cdc_state_msg
                0x20000d4c        0xa src/ASF/common/services/usb/class/cdc/device/udi_cdc.o
 .bss.udc_device_status
                0x20000d56        0x2 src/ASF/common/services/usb/udc/udc.o
 .bss.udc_ep_status.9091
                0x20000d58        0x2 src/ASF/common/services/usb/udc/udc.o
 *fill*         0x20000d5a        0x2 
 .bss.udc_iface_setting
                0x20000d5c        0x1 src/ASF/common/services/usb/udc/udc.o
 *fill*         0x20000d5d        0x3 
 .bss.udc_num_configuration
                0x20000d60        0x1 src/ASF/common/services/usb/udc/udc.o
 *fill*         0x20000d61        0x3 
 .bss.udc_ptr_conf
                0x20000d64        0x4 src/ASF/common/services/usb/udc/udc.o
 .bss.udc_ptr_iface
                0x20000d68        0x4 src/ASF/common/services/usb/udc/udc.o
 .bss.gs_interrupt_sources
                0x20000d6c       0x70 src/ASF/sam/drivers/pio/pio_handler.o
 .bss.pio_capture_handler
                0x20000ddc        0x4 src/ASF/sam/drivers/pio/pio_handler.o
 .bss.b_is_sleep_clock_used
                0x20000de0        0x1 src/ASF/sam/drivers/pmc/sleep.o
 *fill*         0x20000de1        0x3 
 .bss.g_wobits_in_rtt_mr
                0x20000de4        0x4 src/ASF/sam/drivers/rtt/rtt.o
 .bss.b_shortpacket.10141
                0x20000de8        0x1 src/ASF/sam/drivers/udp/udp_device.o
 .bss.udd_b_idle
                0x20000de9        0x1 src/ASF/sam/drivers/udp/udp_device.o
 .bss.udd_ctrl_payload_nb_trans
                0x20000dea        0x2 src/ASF/sam/drivers/udp/udp_device.o
 .bss.udd_ctrl_prev_payload_nb_trans
                0x20000dec        0x2 src/ASF/sam/drivers/udp/udp_device.o
 .bss.udd_ep_control_state
                0x20000dee        0x1 src/ASF/sam/drivers/udp/udp_device.o
 *fill*         0x20000def        0x1 
 .bss.udd_ep_job
                0x20000df0       0x3c src/ASF/sam/drivers/udp/udp_device.o
 .bss.gs_ul_page_buffer
                0x20000e2c      0x200 src/ASF/sam/services/flash_efc/flash_efc.o
 .bss.heap.6420
                0x2000102c        0x4 src/ASF/sam/utils/syscalls/gcc/syscalls.o
 .bss.choose    0x20001030        0x1 src/main.o
 .bss.control   0x20001031        0x1 src/main.o
 *fill*         0x20001032        0x2 
 .bss.counter_adcAV
                0x20001034     0x1ef0 src/main.o
 .bss.counter_adcMAX
                0x20002f24     0x1ef0 src/main.o
 .bss.counter_adcMIN
                0x20004e14     0x1ef0 src/main.o
 .bss.digit     0x20006d04        0x1 src/main.o
 .bss.first     0x20006d05        0x1 src/main.o
 .bss.freq      0x20006d06        0x1 src/main.o
 .bss.just_col  0x20006d07        0x1 src/main.o
 .bss.just_ref  0x20006d08        0x1 src/main.o
 *fill*         0x20006d09        0x3 
 .bss.mat       0x20006d0c        0x4 src/main.o
                0x20006d0c                mat
 .bss.newFreq   0x20006d10        0x4 src/main.o
 .bss.print     0x20006d14        0x1 src/main.o
 .bss.print_mat
                0x20006d15        0x1 src/main.o
 .bss.print_opt
                0x20006d16        0x1 src/main.o
 .bss.refCapC   0x20006d17        0x1 src/main.o
 .bss.refCapR   0x20006d18        0x1 src/main.o
 .bss.reset_interrupt_triggered
                0x20006d19        0x1 src/main.o
 *fill*         0x20006d1a        0x2 
 .bss.__malloc_current_mallinfo
                0x20006d1c       0x28 c:/program files (x86)/atmel/studio/7.0/toolchain/arm/arm-gnu-toolchain/bin/../lib/gcc/arm-none-eabi/6.3.1/../../../../arm-none-eabi/lib/thumb/v7e-m\libc.a(lib_a-mallocr.o)
                0x20006d1c                __malloc_current_mallinfo
 .bss.__malloc_max_sbrked_mem
                0x20006d44        0x4 c:/program files (x86)/atmel/studio/7.0/toolchain/arm/arm-gnu-toolchain/bin/../lib/gcc/arm-none-eabi/6.3.1/../../../../arm-none-eabi/lib/thumb/v7e-m\libc.a(lib_a-mallocr.o)
                0x20006d44                __malloc_max_sbrked_mem
 .bss.__malloc_max_total_mem
                0x20006d48        0x4 c:/program files (x86)/atmel/studio/7.0/toolchain/arm/arm-gnu-toolchain/bin/../lib/gcc/arm-none-eabi/6.3.1/../../../../arm-none-eabi/lib/thumb/v7e-m\libc.a(lib_a-mallocr.o)
                0x20006d48                __malloc_max_total_mem
 .bss.__malloc_top_pad
                0x20006d4c        0x4 c:/program files (x86)/atmel/studio/7.0/toolchain/arm/arm-gnu-toolchain/bin/../lib/gcc/arm-none-eabi/6.3.1/../../../../arm-none-eabi/lib/thumb/v7e-m\libc.a(lib_a-mallocr.o)
                0x20006d4c                __malloc_top_pad
 *(COMMON)
 COMMON         0x20006d50        0x6 src/ASF/common/services/sleepmgr/sam/sleepmgr.o
                0x20006d50                sleepmgr_locks
 *fill*         0x20006d56        0x2 
 COMMON         0x20006d58       0x70 src/ASF/sam/drivers/afec/afec.o
                0x20006d58                afec_callback_pointer
 COMMON         0x20006dc8        0x4 src/ASF/sam/drivers/pio/pio.o
                0x20006dc8                pio_capture_enable_flag
 COMMON         0x20006dcc       0x18 src/ASF/sam/drivers/udp/udp_device.o
                0x20006dcc                udd_g_ctrlreq
 COMMON         0x20006de4       0x45 src/main.o
                0x20006de4                second_number
                0x20006de8                afec_sample_data
                0x20006df0                _currentChannel
                0x20006df4                first_number
                0x20006df8                pwm_channel
                0x20006e28                _currentAmp
 *fill*         0x20006e29        0x3 
 COMMON         0x20006e2c       0x21 c:/program files (x86)/atmel/studio/7.0/toolchain/arm/arm-gnu-toolchain/bin/../lib/gcc/arm-none-eabi/6.3.1/../../../../arm-none-eabi/lib/thumb/v7e-m\libc.a(lib_a-lock.o)
                0x20006e2c                __lock___atexit_recursive_mutex
                0x20006e30                __lock___arc4random_mutex
                0x20006e34                __lock___env_recursive_mutex
                0x20006e38                __lock___sinit_recursive_mutex
                0x20006e3c                __lock___malloc_recursive_mutex
                0x20006e40                __lock___at_quick_exit_mutex
                0x20006e44                __lock___dd_hash_mutex
                0x20006e48                __lock___tz_mutex
                0x20006e4c                __lock___sfp_recursive_mutex
 *fill*         0x20006e4d        0x3 
 COMMON         0x20006e50        0x4 c:/program files (x86)/atmel/studio/7.0/toolchain/arm/arm-gnu-toolchain/bin/../lib/gcc/arm-none-eabi/6.3.1/../../../../arm-none-eabi/lib/thumb/v7e-m\libc.a(lib_a-reent.o)
                0x20006e50                errno
                0x20006e54                . = ALIGN (0x4)
                0x20006e54                _ebss = .
                0x20006e54                _ezero = .

.stack          0x20006e54     0x3004 load address 0x00411464
                0x20006e58                . = ALIGN (0x8)
 *fill*         0x20006e54        0x4 
                0x20006e58                _sstack = .
                0x20009e58                . = (. + __stack_size__)
 *fill*         0x20006e58     0x3000 
                0x20009e58                . = ALIGN (0x8)
                0x20009e58                _estack = .
                0x20009e58                . = ALIGN (0x4)
                0x20009e58                _end = .
OUTPUT(NT_usb.elf elf32-littlearm)

.ARM.attributes
                0x00000000       0x2e
 .ARM.attributes
                0x00000000       0x1e c:/program files (x86)/atmel/studio/7.0/toolchain/arm/arm-gnu-toolchain/bin/../lib/gcc/arm-none-eabi/6.3.1/thumb/v7e-m/crti.o
 .ARM.attributes
                0x0000001e       0x2e c:/program files (x86)/atmel/studio/7.0/toolchain/arm/arm-gnu-toolchain/bin/../lib/gcc/arm-none-eabi/6.3.1/thumb/v7e-m/crtbegin.o
 .ARM.attributes
                0x0000004c       0x37 src/ASF/common/services/delay/sam/cycle_counter.o
 .ARM.attributes
                0x00000083       0x37 src/ASF/common/services/clock/sam4e/sysclk.o
 .ARM.attributes
                0x000000ba       0x37 src/ASF/common/services/sleepmgr/sam/sleepmgr.o
 .ARM.attributes
                0x000000f1       0x37 src/ASF/common/services/usb/class/cdc/device/udi_cdc.o
 .ARM.attributes
                0x00000128       0x37 src/ASF/common/services/usb/class/cdc/device/udi_cdc_desc.o
 .ARM.attributes
                0x0000015f       0x37 src/ASF/common/services/usb/udc/udc.o
 .ARM.attributes
                0x00000196       0x37 src/ASF/common/utils/interrupt/interrupt_sam_nvic.o
 .ARM.attributes
                0x000001cd       0x37 src/ASF/sam/boards/sam4e_ek/init.o
 .ARM.attributes
                0x00000204       0x37 src/ASF/sam/drivers/afec/afec.o
 .ARM.attributes
                0x0000023b       0x37 src/ASF/sam/drivers/efc/efc.o
 .ARM.attributes
                0x00000272       0x37 src/ASF/sam/drivers/pio/pio.o
 .ARM.attributes
                0x000002a9       0x37 src/ASF/sam/drivers/pio/pio_handler.o
 .ARM.attributes
                0x000002e0       0x37 src/ASF/sam/drivers/pmc/pmc.o
 .ARM.attributes
                0x00000317       0x37 src/ASF/sam/drivers/pmc/sleep.o
 .ARM.attributes
                0x0000034e       0x37 src/ASF/sam/drivers/pwm/pwm.o
 .ARM.attributes
                0x00000385       0x37 src/ASF/sam/drivers/rstc/rstc.o
 .ARM.attributes
                0x000003bc       0x37 src/ASF/sam/drivers/rtt/rtt.o
 .ARM.attributes
                0x000003f3       0x37 src/ASF/sam/drivers/spi/spi.o
 .ARM.attributes
                0x0000042a       0x37 src/ASF/sam/drivers/udp/udp_device.o
 .ARM.attributes
                0x00000461       0x37 src/ASF/sam/services/flash_efc/flash_efc.o
 .ARM.attributes
                0x00000498       0x37 src/ASF/sam/utils/cmsis/sam4e/source/templates/exceptions.o
 .ARM.attributes
                0x000004cf       0x37 src/ASF/sam/utils/cmsis/sam4e/source/templates/gcc/startup_sam4e.o
 .ARM.attributes
                0x00000506       0x37 src/ASF/sam/utils/cmsis/sam4e/source/templates/system_sam4e.o
 .ARM.attributes
                0x0000053d       0x37 src/ASF/sam/utils/syscalls/gcc/syscalls.o
 .ARM.attributes
                0x00000574       0x37 src/main.o
 .ARM.attributes
                0x000005ab       0x1e c:/program files (x86)/atmel/studio/7.0/toolchain/arm/arm-gnu-toolchain/bin/../lib/gcc/arm-none-eabi/6.3.1/thumb/v7e-m\libgcc.a(_aeabi_uldivmod.o)
 .ARM.attributes
                0x000005c9       0x2e c:/program files (x86)/atmel/studio/7.0/toolchain/arm/arm-gnu-toolchain/bin/../lib/gcc/arm-none-eabi/6.3.1/thumb/v7e-m\libgcc.a(_udivmoddi4.o)
 .ARM.attributes
                0x000005f7       0x1e c:/program files (x86)/atmel/studio/7.0/toolchain/arm/arm-gnu-toolchain/bin/../lib/gcc/arm-none-eabi/6.3.1/thumb/v7e-m\libgcc.a(_dvmd_tls.o)
 .ARM.attributes
                0x00000615       0x2e c:/program files (x86)/atmel/studio/7.0/toolchain/arm/arm-gnu-toolchain/bin/../lib/gcc/arm-none-eabi/6.3.1/../../../../arm-none-eabi/lib/thumb/v7e-m\libc.a(lib_a-impure.o)
 .ARM.attributes
                0x00000643       0x2e c:/program files (x86)/atmel/studio/7.0/toolchain/arm/arm-gnu-toolchain/bin/../lib/gcc/arm-none-eabi/6.3.1/../../../../arm-none-eabi/lib/thumb/v7e-m\libc.a(lib_a-init.o)
 .ARM.attributes
                0x00000671       0x1c c:/program files (x86)/atmel/studio/7.0/toolchain/arm/arm-gnu-toolchain/bin/../lib/gcc/arm-none-eabi/6.3.1/../../../../arm-none-eabi/lib/thumb/v7e-m\libc.a(lib_a-memcpy.o)
 .ARM.attributes
                0x0000068d       0x2e c:/program files (x86)/atmel/studio/7.0/toolchain/arm/arm-gnu-toolchain/bin/../lib/gcc/arm-none-eabi/6.3.1/../../../../arm-none-eabi/lib/thumb/v7e-m\libc.a(lib_a-memset.o)
 .ARM.attributes
                0x000006bb       0x2e c:/program files (x86)/atmel/studio/7.0/toolchain/arm/arm-gnu-toolchain/bin/../lib/gcc/arm-none-eabi/6.3.1/../../../../arm-none-eabi/lib/thumb/v7e-m\libc.a(lib_a-snprintf.o)
 .ARM.attributes
                0x000006e9       0x2e c:/program files (x86)/atmel/studio/7.0/toolchain/arm/arm-gnu-toolchain/bin/../lib/gcc/arm-none-eabi/6.3.1/../../../../arm-none-eabi/lib/thumb/v7e-m\libc.a(lib_a-svfprintf.o)
 .ARM.attributes
                0x00000717       0x2e c:/program files (x86)/atmel/studio/7.0/toolchain/arm/arm-gnu-toolchain/bin/../lib/gcc/arm-none-eabi/6.3.1/../../../../arm-none-eabi/lib/thumb/v7e-m\libc.a(lib_a-vsnprintf.o)
 .ARM.attributes
                0x00000745       0x2e c:/program files (x86)/atmel/studio/7.0/toolchain/arm/arm-gnu-toolchain/bin/../lib/gcc/arm-none-eabi/6.3.1/../../../../arm-none-eabi/lib/thumb/v7e-m\libc.a(lib_a-__call_atexit.o)
 .ARM.attributes
                0x00000773       0x2e c:/program files (x86)/atmel/studio/7.0/toolchain/arm/arm-gnu-toolchain/bin/../lib/gcc/arm-none-eabi/6.3.1/../../../../arm-none-eabi/lib/thumb/v7e-m\libc.a(lib_a-atexit.o)
 .ARM.attributes
                0x000007a1       0x2e c:/program files (x86)/atmel/studio/7.0/toolchain/arm/arm-gnu-toolchain/bin/../lib/gcc/arm-none-eabi/6.3.1/../../../../arm-none-eabi/lib/thumb/v7e-m\libc.a(lib_a-dtoa.o)
 .ARM.attributes
                0x000007cf       0x2e c:/program files (x86)/atmel/studio/7.0/toolchain/arm/arm-gnu-toolchain/bin/../lib/gcc/arm-none-eabi/6.3.1/../../../../arm-none-eabi/lib/thumb/v7e-m\libc.a(lib_a-fini.o)
 .ARM.attributes
                0x000007fd       0x2e c:/program files (x86)/atmel/studio/7.0/toolchain/arm/arm-gnu-toolchain/bin/../lib/gcc/arm-none-eabi/6.3.1/../../../../arm-none-eabi/lib/thumb/v7e-m\libc.a(lib_a-localeconv.o)
 .ARM.attributes
                0x0000082b       0x2e c:/program files (x86)/atmel/studio/7.0/toolchain/arm/arm-gnu-toolchain/bin/../lib/gcc/arm-none-eabi/6.3.1/../../../../arm-none-eabi/lib/thumb/v7e-m\libc.a(lib_a-lock.o)
 .ARM.attributes
                0x00000859       0x2e c:/program files (x86)/atmel/studio/7.0/toolchain/arm/arm-gnu-toolchain/bin/../lib/gcc/arm-none-eabi/6.3.1/../../../../arm-none-eabi/lib/thumb/v7e-m\libc.a(lib_a-mallocr.o)
 .ARM.attributes
                0x00000887       0x1c c:/program files (x86)/atmel/studio/7.0/toolchain/arm/arm-gnu-toolchain/bin/../lib/gcc/arm-none-eabi/6.3.1/../../../../arm-none-eabi/lib/thumb/v7e-m\libc.a(lib_a-memchr.o)
 .ARM.attributes
                0x000008a3       0x2e c:/program files (x86)/atmel/studio/7.0/toolchain/arm/arm-gnu-toolchain/bin/../lib/gcc/arm-none-eabi/6.3.1/../../../../arm-none-eabi/lib/thumb/v7e-m\libc.a(lib_a-mlock.o)
 .ARM.attributes
                0x000008d1       0x2e c:/program files (x86)/atmel/studio/7.0/toolchain/arm/arm-gnu-toolchain/bin/../lib/gcc/arm-none-eabi/6.3.1/../../../../arm-none-eabi/lib/thumb/v7e-m\libc.a(lib_a-mprec.o)
 .ARM.attributes
                0x000008ff       0x2e c:/program files (x86)/atmel/studio/7.0/toolchain/arm/arm-gnu-toolchain/bin/../lib/gcc/arm-none-eabi/6.3.1/../../../../arm-none-eabi/lib/thumb/v7e-m\libc.a(lib_a-sbrkr.o)
 .ARM.attributes
                0x0000092d       0x1c c:/program files (x86)/atmel/studio/7.0/toolchain/arm/arm-gnu-toolchain/bin/../lib/gcc/arm-none-eabi/6.3.1/../../../../arm-none-eabi/lib/thumb/v7e-m\libc.a(lib_a-strlen.o)
 .ARM.attributes
                0x00000949       0x2e c:/program files (x86)/atmel/studio/7.0/toolchain/arm/arm-gnu-toolchain/bin/../lib/gcc/arm-none-eabi/6.3.1/../../../../arm-none-eabi/lib/thumb/v7e-m\libc.a(lib_a-svfiprintf.o)
 .ARM.attributes
                0x00000977       0x2e c:/program files (x86)/atmel/studio/7.0/toolchain/arm/arm-gnu-toolchain/bin/../lib/gcc/arm-none-eabi/6.3.1/../../../../arm-none-eabi/lib/thumb/v7e-m\libc.a(lib_a-__atexit.o)
 .ARM.attributes
                0x000009a5       0x2e c:/program files (x86)/atmel/studio/7.0/toolchain/arm/arm-gnu-toolchain/bin/../lib/gcc/arm-none-eabi/6.3.1/../../../../arm-none-eabi/lib/thumb/v7e-m\libc.a(lib_a-callocr.o)
 .ARM.attributes
                0x000009d3       0x2e c:/program files (x86)/atmel/studio/7.0/toolchain/arm/arm-gnu-toolchain/bin/../lib/gcc/arm-none-eabi/6.3.1/../../../../arm-none-eabi/lib/thumb/v7e-m\libc.a(lib_a-freer.o)
 .ARM.attributes
                0x00000a01       0x2e c:/program files (x86)/atmel/studio/7.0/toolchain/arm/arm-gnu-toolchain/bin/../lib/gcc/arm-none-eabi/6.3.1/../../../../arm-none-eabi/lib/thumb/v7e-m\libc.a(lib_a-locale.o)
 .ARM.attributes
                0x00000a2f       0x2e c:/program files (x86)/atmel/studio/7.0/toolchain/arm/arm-gnu-toolchain/bin/../lib/gcc/arm-none-eabi/6.3.1/../../../../arm-none-eabi/lib/thumb/v7e-m\libc.a(lib_a-mbtowc_r.o)
 .ARM.attributes
                0x00000a5d       0x2e c:/program files (x86)/atmel/studio/7.0/toolchain/arm/arm-gnu-toolchain/bin/../lib/gcc/arm-none-eabi/6.3.1/../../../../arm-none-eabi/lib/thumb/v7e-m\libc.a(lib_a-memmove.o)
 .ARM.attributes
                0x00000a8b       0x2e c:/program files (x86)/atmel/studio/7.0/toolchain/arm/arm-gnu-toolchain/bin/../lib/gcc/arm-none-eabi/6.3.1/../../../../arm-none-eabi/lib/thumb/v7e-m\libc.a(lib_a-reallocr.o)
 .ARM.attributes
                0x00000ab9       0x2e c:/program files (x86)/atmel/studio/7.0/toolchain/arm/arm-gnu-toolchain/bin/../lib/gcc/arm-none-eabi/6.3.1/../../../../arm-none-eabi/lib/thumb/v7e-m\libc.a(lib_a-reent.o)
 .ARM.attributes
                0x00000ae7       0x2e c:/program files (x86)/atmel/studio/7.0/toolchain/arm/arm-gnu-toolchain/bin/../lib/gcc/arm-none-eabi/6.3.1/../../../../arm-none-eabi/lib/thumb/v7e-m\libc.a(lib_a-wctomb_r.o)
 .ARM.attributes
                0x00000b15       0x2e c:/program files (x86)/atmel/studio/7.0/toolchain/arm/arm-gnu-toolchain/bin/../lib/gcc/arm-none-eabi/6.3.1/../../../../arm-none-eabi/lib/thumb/v7e-m\libc.a(lib_a-ctype_.o)
 .ARM.attributes
                0x00000b43       0x1e c:/program files (x86)/atmel/studio/7.0/toolchain/arm/arm-gnu-toolchain/bin/../lib/gcc/arm-none-eabi/6.3.1/thumb/v7e-m\libgcc.a(_arm_addsubdf3.o)
 .ARM.attributes
                0x00000b61       0x1e c:/program files (x86)/atmel/studio/7.0/toolchain/arm/arm-gnu-toolchain/bin/../lib/gcc/arm-none-eabi/6.3.1/thumb/v7e-m\libgcc.a(_arm_muldivdf3.o)
 .ARM.attributes
                0x00000b7f       0x1e c:/program files (x86)/atmel/studio/7.0/toolchain/arm/arm-gnu-toolchain/bin/../lib/gcc/arm-none-eabi/6.3.1/thumb/v7e-m\libgcc.a(_arm_cmpdf2.o)
 .ARM.attributes
                0x00000b9d       0x1e c:/program files (x86)/atmel/studio/7.0/toolchain/arm/arm-gnu-toolchain/bin/../lib/gcc/arm-none-eabi/6.3.1/thumb/v7e-m\libgcc.a(_arm_unorddf2.o)
 .ARM.attributes
                0x00000bbb       0x1e c:/program files (x86)/atmel/studio/7.0/toolchain/arm/arm-gnu-toolchain/bin/../lib/gcc/arm-none-eabi/6.3.1/thumb/v7e-m\libgcc.a(_arm_fixdfsi.o)
 .ARM.attributes
                0x00000bd9       0x1e c:/program files (x86)/atmel/studio/7.0/toolchain/arm/arm-gnu-toolchain/bin/../lib/gcc/arm-none-eabi/6.3.1/thumb/v7e-m/crtn.o

.comment        0x00000000       0x59
 .comment       0x00000000       0x59 src/ASF/common/services/delay/sam/cycle_counter.o
                                 0x5a (size before relaxing)
 .comment       0x00000059       0x5a src/ASF/common/services/clock/sam4e/sysclk.o
 .comment       0x00000059       0x5a src/ASF/common/services/sleepmgr/sam/sleepmgr.o
 .comment       0x00000059       0x5a src/ASF/common/services/usb/class/cdc/device/udi_cdc.o
 .comment       0x00000059       0x5a src/ASF/common/services/usb/class/cdc/device/udi_cdc_desc.o
 .comment       0x00000059       0x5a src/ASF/common/services/usb/udc/udc.o
 .comment       0x00000059       0x5a src/ASF/common/utils/interrupt/interrupt_sam_nvic.o
 .comment       0x00000059       0x5a src/ASF/sam/boards/sam4e_ek/init.o
 .comment       0x00000059       0x5a src/ASF/sam/drivers/afec/afec.o
 .comment       0x00000059       0x5a src/ASF/sam/drivers/efc/efc.o
 .comment       0x00000059       0x5a src/ASF/sam/drivers/pio/pio.o
 .comment       0x00000059       0x5a src/ASF/sam/drivers/pio/pio_handler.o
 .comment       0x00000059       0x5a src/ASF/sam/drivers/pmc/pmc.o
 .comment       0x00000059       0x5a src/ASF/sam/drivers/pmc/sleep.o
 .comment       0x00000059       0x5a src/ASF/sam/drivers/pwm/pwm.o
 .comment       0x00000059       0x5a src/ASF/sam/drivers/rstc/rstc.o
 .comment       0x00000059       0x5a src/ASF/sam/drivers/rtt/rtt.o
 .comment       0x00000059       0x5a src/ASF/sam/drivers/spi/spi.o
 .comment       0x00000059       0x5a src/ASF/sam/drivers/udp/udp_device.o
 .comment       0x00000059       0x5a src/ASF/sam/services/flash_efc/flash_efc.o
 .comment       0x00000059       0x5a src/ASF/sam/utils/cmsis/sam4e/source/templates/exceptions.o
 .comment       0x00000059       0x5a src/ASF/sam/utils/cmsis/sam4e/source/templates/gcc/startup_sam4e.o
 .comment       0x00000059       0x5a src/ASF/sam/utils/cmsis/sam4e/source/templates/system_sam4e.o
 .comment       0x00000059       0x5a src/ASF/sam/utils/syscalls/gcc/syscalls.o
 .comment       0x00000059       0x5a src/main.o

.debug_info     0x00000000    0x2a93f
 .debug_info    0x00000000      0xa45 src/ASF/common/services/delay/sam/cycle_counter.o
 .debug_info    0x00000a45     0x12a6 src/ASF/common/services/clock/sam4e/sysclk.o
 .debug_info    0x00001ceb      0xa8e src/ASF/common/services/sleepmgr/sam/sleepmgr.o
 .debug_info    0x00002779     0x28fc src/ASF/common/services/usb/class/cdc/device/udi_cdc.o
 .debug_info    0x00005075     0x124a src/ASF/common/services/usb/class/cdc/device/udi_cdc_desc.o
 .debug_info    0x000062bf     0x1a0f src/ASF/common/services/usb/udc/udc.o
 .debug_info    0x00007cce      0xaff src/ASF/common/utils/interrupt/interrupt_sam_nvic.o
 .debug_info    0x000087cd     0x17ec src/ASF/sam/boards/sam4e_ek/init.o
 .debug_info    0x00009fb9     0x20fd src/ASF/sam/drivers/afec/afec.o
 .debug_info    0x0000c0b6     0x1091 src/ASF/sam/drivers/efc/efc.o
 .debug_info    0x0000d147     0x2255 src/ASF/sam/drivers/pio/pio.o
 .debug_info    0x0000f39c     0x19ee src/ASF/sam/drivers/pio/pio_handler.o
 .debug_info    0x00010d8a     0x18b1 src/ASF/sam/drivers/pmc/pmc.o
 .debug_info    0x0001263b     0x137e src/ASF/sam/drivers/pmc/sleep.o
 .debug_info    0x000139b9     0x1ff6 src/ASF/sam/drivers/pwm/pwm.o
 .debug_info    0x000159af      0xc33 src/ASF/sam/drivers/rstc/rstc.o
 .debug_info    0x000165e2      0xcd1 src/ASF/sam/drivers/rtt/rtt.o
 .debug_info    0x000172b3     0x11c9 src/ASF/sam/drivers/spi/spi.o
 .debug_info    0x0001847c     0x3600 src/ASF/sam/drivers/udp/udp_device.o
 .debug_info    0x0001ba7c     0x1cd7 src/ASF/sam/services/flash_efc/flash_efc.o
 .debug_info    0x0001d753       0xdc src/ASF/sam/utils/cmsis/sam4e/source/templates/exceptions.o
 .debug_info    0x0001d82f     0x1240 src/ASF/sam/utils/cmsis/sam4e/source/templates/gcc/startup_sam4e.o
 .debug_info    0x0001ea6f      0x495 src/ASF/sam/utils/cmsis/sam4e/source/templates/system_sam4e.o
 .debug_info    0x0001ef04      0xdb0 src/ASF/sam/utils/syscalls/gcc/syscalls.o
 .debug_info    0x0001fcb4     0xac8b src/main.o

.debug_abbrev   0x00000000     0x4e24
 .debug_abbrev  0x00000000      0x1b3 src/ASF/common/services/delay/sam/cycle_counter.o
 .debug_abbrev  0x000001b3      0x32c src/ASF/common/services/clock/sam4e/sysclk.o
 .debug_abbrev  0x000004df      0x1b2 src/ASF/common/services/sleepmgr/sam/sleepmgr.o
 .debug_abbrev  0x00000691      0x484 src/ASF/common/services/usb/class/cdc/device/udi_cdc.o
 .debug_abbrev  0x00000b15      0x1c7 src/ASF/common/services/usb/class/cdc/device/udi_cdc_desc.o
 .debug_abbrev  0x00000cdc      0x41d src/ASF/common/services/usb/udc/udc.o
 .debug_abbrev  0x000010f9      0x221 src/ASF/common/utils/interrupt/interrupt_sam_nvic.o
 .debug_abbrev  0x0000131a      0x2c1 src/ASF/sam/boards/sam4e_ek/init.o
 .debug_abbrev  0x000015db      0x4eb src/ASF/sam/drivers/afec/afec.o
 .debug_abbrev  0x00001ac6      0x3b8 src/ASF/sam/drivers/efc/efc.o
 .debug_abbrev  0x00001e7e      0x3ff src/ASF/sam/drivers/pio/pio.o
 .debug_abbrev  0x0000227d      0x37f src/ASF/sam/drivers/pio/pio_handler.o
 .debug_abbrev  0x000025fc      0x315 src/ASF/sam/drivers/pmc/pmc.o
 .debug_abbrev  0x00002911      0x32d src/ASF/sam/drivers/pmc/sleep.o
 .debug_abbrev  0x00002c3e      0x324 src/ASF/sam/drivers/pwm/pwm.o
 .debug_abbrev  0x00002f62      0x207 src/ASF/sam/drivers/rstc/rstc.o
 .debug_abbrev  0x00003169      0x256 src/ASF/sam/drivers/rtt/rtt.o
 .debug_abbrev  0x000033bf      0x398 src/ASF/sam/drivers/spi/spi.o
 .debug_abbrev  0x00003757      0x5e5 src/ASF/sam/drivers/udp/udp_device.o
 .debug_abbrev  0x00003d3c      0x369 src/ASF/sam/services/flash_efc/flash_efc.o
 .debug_abbrev  0x000040a5       0x7d src/ASF/sam/utils/cmsis/sam4e/source/templates/exceptions.o
 .debug_abbrev  0x00004122      0x2bd src/ASF/sam/utils/cmsis/sam4e/source/templates/gcc/startup_sam4e.o
 .debug_abbrev  0x000043df      0x102 src/ASF/sam/utils/cmsis/sam4e/source/templates/system_sam4e.o
 .debug_abbrev  0x000044e1      0x264 src/ASF/sam/utils/syscalls/gcc/syscalls.o
 .debug_abbrev  0x00004745      0x6df src/main.o

.debug_aranges  0x00000000      0xed0
 .debug_aranges
                0x00000000       0x20 src/ASF/common/services/delay/sam/cycle_counter.o
 .debug_aranges
                0x00000020       0x40 src/ASF/common/services/clock/sam4e/sysclk.o
 .debug_aranges
                0x00000060       0x18 src/ASF/common/services/sleepmgr/sam/sleepmgr.o
 .debug_aranges
                0x00000078      0x178 src/ASF/common/services/usb/class/cdc/device/udi_cdc.o
 .debug_aranges
                0x000001f0       0x18 src/ASF/common/services/usb/class/cdc/device/udi_cdc_desc.o
 .debug_aranges
                0x00000208       0x70 src/ASF/common/services/usb/udc/udc.o
 .debug_aranges
                0x00000278       0x28 src/ASF/common/utils/interrupt/interrupt_sam_nvic.o
 .debug_aranges
                0x000002a0       0x20 src/ASF/sam/boards/sam4e_ek/init.o
 .debug_aranges
                0x000002c0       0xa8 src/ASF/sam/drivers/afec/afec.o
 .debug_aranges
                0x00000368       0x90 src/ASF/sam/drivers/efc/efc.o
 .debug_aranges
                0x000003f8      0x1a8 src/ASF/sam/drivers/pio/pio.o
 .debug_aranges
                0x000005a0       0x68 src/ASF/sam/drivers/pio/pio_handler.o
 .debug_aranges
                0x00000608      0x1d8 src/ASF/sam/drivers/pmc/pmc.o
 .debug_aranges
                0x000007e0       0x30 src/ASF/sam/drivers/pmc/sleep.o
 .debug_aranges
                0x00000810      0x168 src/ASF/sam/drivers/pwm/pwm.o
 .debug_aranges
                0x00000978       0x60 src/ASF/sam/drivers/rstc/rstc.o
 .debug_aranges
                0x000009d8       0x60 src/ASF/sam/drivers/rtt/rtt.o
 .debug_aranges
                0x00000a38       0x90 src/ASF/sam/drivers/spi/spi.o
 .debug_aranges
                0x00000ac8      0x108 src/ASF/sam/drivers/udp/udp_device.o
 .debug_aranges
                0x00000bd0       0xd8 src/ASF/sam/services/flash_efc/flash_efc.o
 .debug_aranges
                0x00000ca8       0x20 src/ASF/sam/utils/cmsis/sam4e/source/templates/exceptions.o
 .debug_aranges
                0x00000cc8       0x20 src/ASF/sam/utils/cmsis/sam4e/source/templates/gcc/startup_sam4e.o
 .debug_aranges
                0x00000ce8       0x30 src/ASF/sam/utils/cmsis/sam4e/source/templates/system_sam4e.o
 .debug_aranges
                0x00000d18       0x60 src/ASF/sam/utils/syscalls/gcc/syscalls.o
 .debug_aranges
                0x00000d78      0x158 src/main.o

.debug_ranges   0x00000000     0x1000
 .debug_ranges  0x00000000       0x10 src/ASF/common/services/delay/sam/cycle_counter.o
 .debug_ranges  0x00000010       0x30 src/ASF/common/services/clock/sam4e/sysclk.o
 .debug_ranges  0x00000040      0x1b0 src/ASF/common/services/usb/class/cdc/device/udi_cdc.o
 .debug_ranges  0x000001f0       0xa8 src/ASF/common/services/usb/udc/udc.o
 .debug_ranges  0x00000298       0x18 src/ASF/common/utils/interrupt/interrupt_sam_nvic.o
 .debug_ranges  0x000002b0       0x10 src/ASF/sam/boards/sam4e_ek/init.o
 .debug_ranges  0x000002c0       0x98 src/ASF/sam/drivers/afec/afec.o
 .debug_ranges  0x00000358       0x80 src/ASF/sam/drivers/efc/efc.o
 .debug_ranges  0x000003d8      0x1b0 src/ASF/sam/drivers/pio/pio.o
 .debug_ranges  0x00000588       0x70 src/ASF/sam/drivers/pio/pio_handler.o
 .debug_ranges  0x000005f8      0x1c8 src/ASF/sam/drivers/pmc/pmc.o
 .debug_ranges  0x000007c0       0x50 src/ASF/sam/drivers/pmc/sleep.o
 .debug_ranges  0x00000810      0x158 src/ASF/sam/drivers/pwm/pwm.o
 .debug_ranges  0x00000968       0x50 src/ASF/sam/drivers/rstc/rstc.o
 .debug_ranges  0x000009b8       0x50 src/ASF/sam/drivers/rtt/rtt.o
 .debug_ranges  0x00000a08       0x80 src/ASF/sam/drivers/spi/spi.o
 .debug_ranges  0x00000a88      0x158 src/ASF/sam/drivers/udp/udp_device.o
 .debug_ranges  0x00000be0       0xc8 src/ASF/sam/services/flash_efc/flash_efc.o
 .debug_ranges  0x00000ca8       0x10 src/ASF/sam/utils/cmsis/sam4e/source/templates/exceptions.o
 .debug_ranges  0x00000cb8       0x10 src/ASF/sam/utils/cmsis/sam4e/source/templates/gcc/startup_sam4e.o
 .debug_ranges  0x00000cc8       0x20 src/ASF/sam/utils/cmsis/sam4e/source/templates/system_sam4e.o
 .debug_ranges  0x00000ce8       0x50 src/ASF/sam/utils/syscalls/gcc/syscalls.o
 .debug_ranges  0x00000d38      0x2c8 src/main.o

.debug_macro    0x00000000    0x1cc39
 .debug_macro   0x00000000      0x5ac src/ASF/common/services/delay/sam/cycle_counter.o
 .debug_macro   0x000005ac      0x8d4 src/ASF/common/services/delay/sam/cycle_counter.o
 .debug_macro   0x00000e80      0x16d src/ASF/common/services/delay/sam/cycle_counter.o
 .debug_macro   0x00000fed      0x71d src/ASF/common/services/delay/sam/cycle_counter.o
 .debug_macro   0x0000170a       0x76 src/ASF/common/services/delay/sam/cycle_counter.o
 .debug_macro   0x00001780       0x16 src/ASF/common/services/delay/sam/cycle_counter.o
 .debug_macro   0x00001796      0x6da src/ASF/common/services/delay/sam/cycle_counter.o
 .debug_macro   0x00001e70       0x22 src/ASF/common/services/delay/sam/cycle_counter.o
 .debug_macro   0x00001e92       0x87 src/ASF/common/services/delay/sam/cycle_counter.o
 .debug_macro   0x00001f19       0x51 src/ASF/common/services/delay/sam/cycle_counter.o
 .debug_macro   0x00001f6a       0xef src/ASF/common/services/delay/sam/cycle_counter.o
 .debug_macro   0x00002059       0x6a src/ASF/common/services/delay/sam/cycle_counter.o
 .debug_macro   0x000020c3      0x1df src/ASF/common/services/delay/sam/cycle_counter.o
 .debug_macro   0x000022a2       0x27 src/ASF/common/services/delay/sam/cycle_counter.o
 .debug_macro   0x000022c9       0x1c src/ASF/common/services/delay/sam/cycle_counter.o
 .debug_macro   0x000022e5       0x22 src/ASF/common/services/delay/sam/cycle_counter.o
 .debug_macro   0x00002307       0xdf src/ASF/common/services/delay/sam/cycle_counter.o
 .debug_macro   0x000023e6     0x102d src/ASF/common/services/delay/sam/cycle_counter.o
 .debug_macro   0x00003413      0x11f src/ASF/common/services/delay/sam/cycle_counter.o
 .debug_macro   0x00003532      0x154 src/ASF/common/services/delay/sam/cycle_counter.o
 .debug_macro   0x00003686      0x18f src/ASF/common/services/delay/sam/cycle_counter.o
 .debug_macro   0x00003815      0xbec src/ASF/common/services/delay/sam/cycle_counter.o
 .debug_macro   0x00004401      0x535 src/ASF/common/services/delay/sam/cycle_counter.o
 .debug_macro   0x00004936      0x196 src/ASF/common/services/delay/sam/cycle_counter.o
 .debug_macro   0x00004acc      0x11e src/ASF/common/services/delay/sam/cycle_counter.o
 .debug_macro   0x00004bea      0x428 src/ASF/common/services/delay/sam/cycle_counter.o
 .debug_macro   0x00005012      0x541 src/ASF/common/services/delay/sam/cycle_counter.o
 .debug_macro   0x00005553      0x106 src/ASF/common/services/delay/sam/cycle_counter.o
 .debug_macro   0x00005659      0xa74 src/ASF/common/services/delay/sam/cycle_counter.o
 .debug_macro   0x000060cd       0x1c src/ASF/common/services/delay/sam/cycle_counter.o
 .debug_macro   0x000060e9      0x735 src/ASF/common/services/delay/sam/cycle_counter.o
 .debug_macro   0x0000681e      0x44d src/ASF/common/services/delay/sam/cycle_counter.o
 .debug_macro   0x00006c6b       0xbe src/ASF/common/services/delay/sam/cycle_counter.o
 .debug_macro   0x00006d29     0x28b1 src/ASF/common/services/delay/sam/cycle_counter.o
 .debug_macro   0x000095da      0x834 src/ASF/common/services/delay/sam/cycle_counter.o
 .debug_macro   0x00009e0e      0xb28 src/ASF/common/services/delay/sam/cycle_counter.o
 .debug_macro   0x0000a936       0x9a src/ASF/common/services/delay/sam/cycle_counter.o
 .debug_macro   0x0000a9d0       0x76 src/ASF/common/services/delay/sam/cycle_counter.o
 .debug_macro   0x0000aa46      0x3cf src/ASF/common/services/delay/sam/cycle_counter.o
 .debug_macro   0x0000ae15       0x64 src/ASF/common/services/delay/sam/cycle_counter.o
 .debug_macro   0x0000ae79      0x1a6 src/ASF/common/services/delay/sam/cycle_counter.o
 .debug_macro   0x0000b01f      0x37c src/ASF/common/services/delay/sam/cycle_counter.o
 .debug_macro   0x0000b39b      0x6fd src/ASF/common/services/delay/sam/cycle_counter.o
 .debug_macro   0x0000ba98      0x6f4 src/ASF/common/services/delay/sam/cycle_counter.o
 .debug_macro   0x0000c18c      0x377 src/ASF/common/services/delay/sam/cycle_counter.o
 .debug_macro   0x0000c503      0x2a1 src/ASF/common/services/delay/sam/cycle_counter.o
 .debug_macro   0x0000c7a4      0x2cd src/ASF/common/services/delay/sam/cycle_counter.o